BL51 BANKED LINKER/LOCATER V6.22                                                        11/24/2018  11:14:26  PAGE 1


BL51 BANKED LINKER/LOCATER V6.22, INVOKED BY:
D:\PROGRAMFILES\KEIL_V5\C51\BIN\BL51.EXE .\Objects\STARTUP.obj, .\Objects\main.obj, .\Objects\app_main.obj, .\Objects\Ke
>> y_Mode.obj, .\Objects\LED_Mode.obj, .\Objects\BT_Mode.obj, .\Objects\LED_Drive.obj, .\Objects\PWM.obj, .\Objects\syst
>> em_sleep.obj TO .\Objects\GP-095_BT-LED_Alarm PRINT (.\Listings\GP-095_BT-LED_Alarm.m51) RAMSIZE (256)


MEMORY MODEL: SMALL


INPUT MODULES INCLUDED:
  .\Objects\STARTUP.obj (?C_STARTUP)
  .\Objects\main.obj (MAIN)
  .\Objects\app_main.obj (APP_MAIN)
  .\Objects\Key_Mode.obj (KEY_MODE)
  .\Objects\LED_Mode.obj (LED_MODE)
  .\Objects\BT_Mode.obj (BT_MODE)
  .\Objects\LED_Drive.obj (LED_DRIVE)
  .\Objects\PWM.obj (PWM)
  .\Objects\system_sleep.obj (SYSTEM_SLEEP)
  D:\PROGRAMFILES\KEIL_V5\C51\LIB\C51S.LIB (?C_INIT)
  D:\PROGRAMFILES\KEIL_V5\C51\LIB\C51S.LIB (?C?COPY)
  D:\PROGRAMFILES\KEIL_V5\C51\LIB\C51S.LIB (?C?CLDPTR)
  D:\PROGRAMFILES\KEIL_V5\C51\LIB\C51S.LIB (?C?CLDOPTR)
  D:\PROGRAMFILES\KEIL_V5\C51\LIB\C51S.LIB (?C?CSTOPTR)
  D:\PROGRAMFILES\KEIL_V5\C51\LIB\C51S.LIB (?C?UIDIV)
  D:\PROGRAMFILES\KEIL_V5\C51\LIB\C51S.LIB (?C?ULCMP)
  D:\PROGRAMFILES\KEIL_V5\C51\LIB\C51S.LIB (?C?LLDIDATA)
  D:\PROGRAMFILES\KEIL_V5\C51\LIB\C51S.LIB (?C?LLDIDATA0)
  D:\PROGRAMFILES\KEIL_V5\C51\LIB\C51S.LIB (?C?LSTIDATA)
  D:\PROGRAMFILES\KEIL_V5\C51\LIB\C51S.LIB (?C?LSTKIDATA)
  D:\PROGRAMFILES\KEIL_V5\C51\LIB\C51S.LIB (?C?CCASE)


LINK MAP OF MODULE:  .\Objects\GP-095_BT-LED_Alarm (?C_STARTUP)


            TYPE    BASE      LENGTH    RELOCATION   SEGMENT NAME
            -----------------------------------------------------

            * * * * * * *   D A T A   M E M O R Y   * * * * * * *
            REG     0000H     0008H     ABSOLUTE     "REG BANK 0"
            DATA    0008H     000FH     UNIT         ?DT?BT_MODE
            DATA    0017H     0008H     UNIT         ?DT?PWM
            IDATA   001FH     0001H     UNIT         ?ID?IN_IDLE_DELAY?SYSTEM_SLEEP
            DATA    0020H     0002H     BIT_ADDR     ?BA?LED_MODE
            BIT     0022H.0   0003H.5   UNIT         ?BI?LED_DRIVE
            BIT     0025H.5   0001H.7   UNIT         ?BI?APP_MAIN
            BIT     0027H.4   0000H.6   UNIT         ?BI?BT_MODE
            BIT     0028H.2   0000H.1   UNIT         ?BI?MAIN
            BIT     0028H.3   0000H.1   UNIT         ?BI?LED_MODE
                    0028H.4   0000H.4                *** GAP ***
            DATA    0029H     0021H     UNIT         ?DT?LED_MODE
            DATA    004AH     000EH     UNIT         ?DT?KEY_MODE
            DATA    0058H     000BH     UNIT         ?DT?APP_MAIN
            DATA    0063H     000AH     UNIT         ?DT?LED_DRIVE
            DATA    006DH     0003H     UNIT         ?DT?MAIN
            DATA    0070H     0003H     UNIT         ?DT?SYSTEM_SLEEP
            DATA    0073H     0003H     UNIT         _DATA_GROUP_
BL51 BANKED LINKER/LOCATER V6.22                                                      11/24/2018  11:14:26  PAGE 2


            IDATA   0076H     0020H     UNIT         ?ID?APP_MAIN
            IDATA   0096H     001DH     UNIT         ?ID?BT_MODE
            IDATA   00B3H     0001H     UNIT         ?STACK

            * * * * * * *   C O D E   M E M O R Y   * * * * * * *
            CODE    0000H     0003H     ABSOLUTE     
            CODE    0003H     0045H     UNIT         ?PR?_UART1TRANSMIT_SENDSTRING?BT_MODE
            CODE    0048H     0003H     UNIT         ?C_INITSEG
            CODE    004BH     0003H     ABSOLUTE     
            CODE    004EH     0004H     UNIT         ?PR?WDT_CLEAR?MAIN
            CODE    0052H     0001H     UNIT         ?PR?SNOOZE_9MIN?APP_MAIN
            CODE    0053H     0003H     ABSOLUTE     
            CODE    0056H     0015H     UNIT         ?PR?SNOOZEENABLE?APP_MAIN
            CODE    006BH     0003H     ABSOLUTE     
            CODE    006EH     0015H     UNIT         ?PR?DISPLAY_SETALARM1_HOUR?LED_MODE
            CODE    0083H     0003H     ABSOLUTE     
            CODE    0086H     001DH     UNIT         ?PR?MAIN?MAIN
            CODE    00A3H     0003H     ABSOLUTE     
            CODE    00A6H     0305H     UNIT         ?PR?KEYCOMMSG?KEY_MODE
            CODE    03ABH     0269H     UNIT         ?PR?BLUEMODE_RECEIVE?BT_MODE
            CODE    0614H     0228H     UNIT         ?C?LIB_CODE
            CODE    083CH     01C8H     UNIT         ?PR?LED_DEIVE?PWM
            CODE    0A04H     0198H     UNIT         ?PR?COMPARE_1MINUTEPORC?APP_MAIN
            CODE    0B9CH     0181H     UNIT         ?PR?DISPLAY_LED?LED_DRIVE
            CODE    0D1DH     013CH     UNIT         ?CO?BT_MODE
            CODE    0E59H     00E4H     UNIT         ?PR?BLUEMODE_HANDLE?BT_MODE
            CODE    0F3DH     009FH     UNIT         ?PR?_KEYEVENTPORC?KEY_MODE
            CODE    0FDCH     0099H     UNIT         ?PR?MATRIX_BUTTONS?KEY_MODE
            CODE    1075H     008CH     UNIT         ?C_C51STARTUP
            CODE    1101H     0066H     UNIT         ?PR?DISPLAY_FLAG?LED_MODE
            CODE    1167H     0063H     UNIT         ?PR?UPDATEDISPLAY?LED_MODE
            CODE    11CAH     005DH     UNIT         ?PR?TIMING_HANDLE?APP_MAIN
            CODE    1227H     005DH     UNIT         ?PR?_BT_SEND_CMD?BT_MODE
            CODE    1284H     0058H     UNIT         ?PR?PORT_INIT?MAIN
            CODE    12DCH     0057H     UNIT         ?PR?INT_UART_RX?MAIN
            CODE    1333H     0053H     UNIT         ?PR?TF_CHECK?PWM
            CODE    1386H     004CH     UNIT         ?PR?APP_MAIN?APP_MAIN
            CODE    13D2H     004BH     UNIT         ?PR?_DISPLAY_HH_MM?LED_MODE
            CODE    141DH     004AH     UNIT         ?PR?INT_WT?MAIN
            CODE    1467H     004AH     UNIT         ?PR?SYS_TICK?APP_MAIN
            CODE    14B1H     0044H     UNIT         ?PR?CHECKDC?SYSTEM_SLEEP
            CODE    14F5H     0042H     UNIT         ?PR?JUSTPOWER_ALLLED_2S?APP_MAIN
            CODE    1537H     003EH     UNIT         ?PR?JUSTPOWER_ALLLED_FLAG?APP_MAIN
            CODE    1575H     003BH     UNIT         ?PR?INT_TIMER0?MAIN
            CODE    15B0H     003BH     UNIT         ?PR?INT_TIMER3?MAIN
            CODE    15EBH     0037H     UNIT         ?PR?DISPLAYSTATUSEXIT?APP_MAIN
            CODE    1622H     0036H     UNIT         ?PR?_DISPLAY_HH?LED_MODE
            CODE    1658H     0032H     UNIT         ?PR?INT_UART_TX?MAIN
            CODE    168AH     0032H     UNIT         ?PR?CLEARDISPLAYBUFF?LED_MODE
            CODE    16BCH     002FH     UNIT         ?PR?JUSTPOWER_ALLLED?APP_MAIN
            CODE    16EBH     002FH     UNIT         ?PR?POWERON_RESET?APP_MAIN
            CODE    171AH     002CH     UNIT         ?PR?DISPLAY?LED_MODE
            CODE    1746H     0026H     UNIT         ?CO?LED_MODE
            CODE    176CH     0023H     UNIT         ?PR?BTCONNECT_QUERYVOLUME?BT_MODE
            CODE    178FH     001DH     UNIT         ?PR?_DISPLAY_MM?LED_MODE
            CODE    17ACH     001CH     UNIT         ?PR?DISPLAY_AL1FLAG?LED_MODE
            CODE    17C8H     001AH     UNIT         ?PR?DATABACKUPS?SYSTEM_SLEEP
BL51 BANKED LINKER/LOCATER V6.22                                                      11/24/2018  11:14:26  PAGE 3


            CODE    17E2H     0019H     UNIT         ?PR?SYSTEM_INIT?SYSTEM_SLEEP
            CODE    17FBH     0018H     UNIT         ?PR?UART_INIT?MAIN
            CODE    1813H     0017H     UNIT         ?PR?ALARM1_POWEROFF?LED_MODE
            CODE    182AH     0017H     UNIT         ?PR?_DISPLAYNUM12?LED_MODE
            CODE    1841H     0015H     UNIT         ?PR?DISPLAY_SETALARM1_MIN?LED_MODE
            CODE    1856H     0015H     UNIT         ?PR?DISPLAY_SETRTC_HOUR?LED_MODE
            CODE    186BH     0015H     UNIT         ?PR?DISPLAY_SETRTC_MIN?LED_MODE
            CODE    1880H     0012H     UNIT         ?PR?_BUZ_ONOFF?MAIN
            CODE    1892H     0012H     UNIT         ?PR?UART_DEF_INIT?MAIN
            CODE    18A4H     0012H     UNIT         ?PR?DISPLAY_ONLYFLAG?LED_MODE
            CODE    18B6H     0010H     UNIT         ?PR?_DISPLAYNUM34?LED_MODE
            CODE    18C6H     0010H     UNIT         ?PR?DISPLAY_SETALARM1?LED_MODE
            CODE    18D6H     0010H     UNIT         ?PR?DISPLAY_SETRTC?LED_MODE
            CODE    18E6H     0010H     UNIT         ?PR?SETGPIO_SLEEP?SYSTEM_SLEEP
            CODE    18F6H     000FH     UNIT         ?PR?INITT0_SLEEP?SYSTEM_SLEEP
            CODE    1905H     000EH     UNIT         ?PR?DISPLAY_RTC?LED_MODE
            CODE    1913H     000EH     UNIT         ?PR?DISPLAY_ZONE?LED_MODE
            CODE    1921H     000DH     UNIT         ?PR?TIMER0_INIT?MAIN
            CODE    192EH     000DH     UNIT         ?PR?TIMER3_INIT?MAIN
            CODE    193BH     000DH     UNIT         ?PR?WT_INIT?MAIN
            CODE    1948H     000DH     UNIT         ?PR?DISPLAY_OFF?LED_MODE
            CODE    1955H     000CH     UNIT         ?PR?IN_IDLE_DELAY?SYSTEM_SLEEP
            CODE    1961H     000BH     UNIT         ?PR?WT_DEF_INIT?MAIN
            CODE    196CH     000AH     UNIT         ?PR?CLEAR_SLEEP?APP_MAIN
            CODE    1976H     0009H     UNIT         ?PR?WDT_INIT?MAIN
            CODE    197FH     0009H     UNIT         ?PR?NOFLASH?LED_MODE
            CODE    1988H     0009H     UNIT         ?PR?_SETDISPLAYSTATE10S?LED_MODE
            CODE    1991H     0008H     UNIT         ?PR?UART_READ?MAIN
            CODE    1999H     0008H     UNIT         ?PR?LCD_INIT?MAIN
            CODE    19A1H     0008H     UNIT         ?PR?_UART_WRITE?MAIN
            CODE    19A9H     0008H     UNIT         ?PR?CLEARDISPLAYSTATUS?APP_MAIN
            CODE    19B1H     0007H     UNIT         ?PR?BUZ_INIT?MAIN
            CODE    19B8H     0007H     UNIT         ?PR?CLOCK_INIT?MAIN
            CODE    19BFH     0007H     UNIT         ?PR?DISPLAY_ALARM1_SONNZE?LED_MODE
            CODE    19C6H     0007H     UNIT         ?PR?DISPLAY_ALARM1?LED_MODE
            CODE    19CDH     0007H     UNIT         ?PR?CLKTOCRYL?SYSTEM_SLEEP
            CODE    19D4H     0006H     UNIT         ?PR?KEYSCAN?KEY_MODE
            CODE    19DAH     0004H     UNIT         ?PR?GETKEYVALUE?KEY_MODE
            CODE    19DEH     0001H     UNIT         ?PR?DISPLAY_SETALARM1_WORK?LED_MODE



OVERLAY MAP OF MODULE:   .\Objects\GP-095_BT-LED_Alarm (?C_STARTUP)


SEGMENT                                         DATA_GROUP 
  +--> CALLED SEGMENT                         START    LENGTH
-------------------------------------------------------------
?C_C51STARTUP                                 -----    -----
  +--> ?PR?MAIN?MAIN
  +--> ?C_INITSEG

?PR?MAIN?MAIN                                 -----    -----
  +--> ?PR?PORT_INIT?MAIN
  +--> ?PR?CLOCK_INIT?MAIN
  +--> ?PR?BUZ_INIT?MAIN
  +--> ?PR?LCD_INIT?MAIN
BL51 BANKED LINKER/LOCATER V6.22                                                      11/24/2018  11:14:26  PAGE 4


  +--> ?PR?TIMER0_INIT?MAIN
  +--> ?PR?TIMER3_INIT?MAIN
  +--> ?PR?APP_MAIN?APP_MAIN

?PR?APP_MAIN?APP_MAIN                         -----    -----
  +--> ?PR?POWERON_RESET?APP_MAIN
  +--> ?PR?JUSTPOWER_ALLLED?APP_MAIN
  +--> ?PR?KEYSCAN?KEY_MODE
  +--> ?PR?KEYCOMMSG?KEY_MODE
  +--> ?PR?BLUEMODE_HANDLE?BT_MODE
  +--> ?PR?DISPLAY?LED_MODE
  +--> ?PR?DISPLAYSTATUSEXIT?APP_MAIN
  +--> ?PR?TIMING_HANDLE?APP_MAIN
  +--> ?PR?COMPARE_1MINUTEPORC?APP_MAIN
  +--> ?PR?TF_CHECK?PWM
  +--> ?PR?WDT_CLEAR?MAIN

?PR?JUSTPOWER_ALLLED?APP_MAIN                 -----    -----
  +--> ?PR?WT_DEF_INIT?MAIN
  +--> ?PR?JUSTPOWER_ALLLED_FLAG?APP_MAIN
  +--> ?PR?JUSTPOWER_ALLLED_2S?APP_MAIN
  +--> ?PR?WDT_CLEAR?MAIN

?PR?JUSTPOWER_ALLLED_2S?APP_MAIN              -----    -----
  +--> ?PR?WT_INIT?MAIN

?PR?KEYSCAN?KEY_MODE                          -----    -----
  +--> ?PR?GETKEYVALUE?KEY_MODE
  +--> ?PR?_KEYEVENTPORC?KEY_MODE

?PR?GETKEYVALUE?KEY_MODE                      -----    -----
  +--> ?PR?MATRIX_BUTTONS?KEY_MODE

?PR?KEYCOMMSG?KEY_MODE                        -----    -----
  +--> ?PR?ALARM1_POWEROFF?LED_MODE
  +--> ?PR?_SETDISPLAYSTATE10S?LED_MODE

?PR?BLUEMODE_HANDLE?BT_MODE                   -----    -----
  +--> ?PR?BLUEMODE_RECEIVE?BT_MODE
  +--> ?PR?UART_DEF_INIT?MAIN
  +--> ?PR?UART_INIT?MAIN
  +--> ?PR?_BT_SEND_CMD?BT_MODE

?PR?BLUEMODE_RECEIVE?BT_MODE                  0073H    0003H

?PR?_BT_SEND_CMD?BT_MODE                      0073H    0001H
  +--> ?CO?BT_MODE
  +--> ?PR?_UART1TRANSMIT_SENDSTRING?BT_MODE

?PR?DISPLAY?LED_MODE                          -----    -----
  +--> ?PR?CLEARDISPLAYBUFF?LED_MODE
  +--> ?PR?UPDATEDISPLAY?LED_MODE
  +--> ?PR?DISPLAY_FLAG?LED_MODE
  +--> ?CO?LED_MODE
  +--> ?PR?DISPLAY_LED?LED_DRIVE

?PR?UPDATEDISPLAY?LED_MODE                    -----    -----
BL51 BANKED LINKER/LOCATER V6.22                                                      11/24/2018  11:14:26  PAGE 5


  +--> ?PR?DISPLAY_ALARM1?LED_MODE
  +--> ?PR?DISPLAY_SETRTC?LED_MODE
  +--> ?PR?DISPLAY_SETRTC_HOUR?LED_MODE
  +--> ?PR?DISPLAY_SETRTC_MIN?LED_MODE
  +--> ?PR?DISPLAY_ZONE?LED_MODE
  +--> ?PR?DISPLAY_SETALARM1?LED_MODE
  +--> ?PR?DISPLAY_SETALARM1_HOUR?LED_MODE
  +--> ?PR?DISPLAY_SETALARM1_MIN?LED_MODE
  +--> ?PR?DISPLAY_SETALARM1_WORK?LED_MODE
  +--> ?PR?DISPLAY_OFF?LED_MODE
  +--> ?PR?DISPLAY_RTC?LED_MODE

?PR?DISPLAY_ALARM1?LED_MODE                   -----    -----
  +--> ?PR?_DISPLAY_HH_MM?LED_MODE

?PR?_DISPLAY_HH_MM?LED_MODE                   -----    -----
  +--> ?PR?_DISPLAYNUM12?LED_MODE
  +--> ?PR?_DISPLAYNUM34?LED_MODE

?PR?DISPLAY_SETRTC?LED_MODE                   -----    -----
  +--> ?PR?NOFLASH?LED_MODE
  +--> ?PR?_DISPLAY_HH_MM?LED_MODE

?PR?DISPLAY_SETRTC_HOUR?LED_MODE              -----    -----
  +--> ?PR?NOFLASH?LED_MODE
  +--> ?PR?_DISPLAY_HH_MM?LED_MODE
  +--> ?PR?_DISPLAY_MM?LED_MODE

?PR?_DISPLAY_MM?LED_MODE                      -----    -----
  +--> ?PR?_DISPLAYNUM34?LED_MODE

?PR?DISPLAY_SETRTC_MIN?LED_MODE               -----    -----
  +--> ?PR?NOFLASH?LED_MODE
  +--> ?PR?_DISPLAY_HH_MM?LED_MODE
  +--> ?PR?_DISPLAY_HH?LED_MODE

?PR?_DISPLAY_HH?LED_MODE                      -----    -----
  +--> ?PR?_DISPLAYNUM12?LED_MODE

?PR?DISPLAY_ZONE?LED_MODE                     -----    -----
  +--> ?PR?NOFLASH?LED_MODE
  +--> ?PR?_DISPLAYNUM34?LED_MODE

?PR?DISPLAY_SETALARM1?LED_MODE                -----    -----
  +--> ?PR?NOFLASH?LED_MODE
  +--> ?PR?_DISPLAY_HH_MM?LED_MODE

?PR?DISPLAY_SETALARM1_HOUR?LED_MODE           -----    -----
  +--> ?PR?NOFLASH?LED_MODE
  +--> ?PR?_DISPLAY_HH_MM?LED_MODE
  +--> ?PR?_DISPLAY_MM?LED_MODE

?PR?DISPLAY_SETALARM1_MIN?LED_MODE            -----    -----
  +--> ?PR?NOFLASH?LED_MODE
  +--> ?PR?_DISPLAY_HH_MM?LED_MODE
  +--> ?PR?_DISPLAY_HH?LED_MODE

BL51 BANKED LINKER/LOCATER V6.22                                                      11/24/2018  11:14:26  PAGE 6


?PR?DISPLAY_RTC?LED_MODE                      -----    -----
  +--> ?PR?_DISPLAY_HH_MM?LED_MODE

?PR?DISPLAY_FLAG?LED_MODE                     -----    -----
  +--> ?PR?NOFLASH?LED_MODE
  +--> ?PR?DISPLAY_AL1FLAG?LED_MODE
  +--> ?PR?_DISPLAY_HH_MM?LED_MODE

?PR?DISPLAYSTATUSEXIT?APP_MAIN                -----    -----
  +--> ?PR?_SETDISPLAYSTATE10S?LED_MODE

?PR?COMPARE_1MINUTEPORC?APP_MAIN              -----    -----
  +--> ?PR?ALARM1_POWEROFF?LED_MODE
  +--> ?PR?_BUZ_ONOFF?MAIN

*** NEW ROOT ***************************************************

?PR?INT_TIMER0?MAIN                           -----    -----
  +--> ?PR?SYS_TICK?APP_MAIN

*** NEW ROOT ***************************************************

?PR?INT_TIMER3?MAIN                           -----    -----
  +--> ?PR?LED_DEIVE?PWM



SYMBOL TABLE OF MODULE:  .\Objects\GP-095_BT-LED_Alarm (?C_STARTUP)

  VALUE           TYPE          NAME
  ----------------------------------

  -------         MODULE        ?C_STARTUP
  C:1075H         SEGMENT       ?C_C51STARTUP
  I:00B3H         SEGMENT       ?STACK
  C:0000H         PUBLIC        ?C_STARTUP
  D:00E0H         SYMBOL        ACC
  D:00F0H         SYMBOL        B
  D:0083H         SYMBOL        DPH
  D:0082H         SYMBOL        DPL
  N:0000H         SYMBOL        IBPSTACK
  N:0100H         SYMBOL        IBPSTACKTOP
  N:0100H         SYMBOL        IDATALEN
  C:1078H         SYMBOL        IDATALOOP
  N:0000H         SYMBOL        PBPSTACK
  N:0000H         SYMBOL        PBPSTACKTOP
  N:0000H         SYMBOL        PDATALEN
  N:0000H         SYMBOL        PDATASTART
  N:0000H         SYMBOL        PPAGE
  N:0000H         SYMBOL        PPAGEENABLE
  D:00A0H         SYMBOL        PPAGE_SFR
  D:0081H         SYMBOL        SP
  C:1075H         SYMBOL        STARTUP1
  N:0000H         SYMBOL        XBPSTACK
  N:0000H         SYMBOL        XBPSTACKTOP
  N:0000H         SYMBOL        XDATALEN
  N:0000H         SYMBOL        XDATASTART
BL51 BANKED LINKER/LOCATER V6.22                                                      11/24/2018  11:14:26  PAGE 7


  C:0000H         LINE#         94
  C:1075H         LINE#         101
  C:1077H         LINE#         102
  C:1078H         LINE#         103
  C:1079H         LINE#         104
  C:107BH         LINE#         153
  C:107EH         LINE#         157
  -------         ENDMOD        ?C_STARTUP

  -------         MODULE        MAIN
  C:0000H         SYMBOL        _ICE_DUMMY_
  D:0080H         PUBLIC        P0
  C:1575H         PUBLIC        INT_Timer0
  D:0088H         PUBLIC        P1
  D:0090H         PUBLIC        P2
  D:0098H         PUBLIC        P3
  C:15B0H         PUBLIC        INT_Timer3
  D:00A0H         PUBLIC        P4
  D:00E2H         PUBLIC        UARTCR1
  D:00B0H         PUBLIC        P5
  D:00E3H         PUBLIC        UARTCR2
  D:008DH         PUBLIC        WDTCR
  D:00C0H         PUBLIC        P6
  C:1976H         PUBLIC        WDT_init
  D:00E4H         PUBLIC        UARTCR3
  D:008EH         PUBLIC        WDTDR
  D:00E9H         PUBLIC        P0DB
  D:0097H         PUBLIC        BUZCR
  D:00EAH         PUBLIC        P1DB
  C:19B1H         PUBLIC        BUZ_init
  D:008FH         PUBLIC        BUZDR
  D:00A8H         PUBLIC        IE
  C:1961H         PUBLIC        WT_Def_Init
  D:0092H         PUBLIC        P0OD
  D:0093H         PUBLIC        P1OD
  D:0094H         PUBLIC        P2OD
  D:0095H         PUBLIC        P3OD
  D:0096H         PUBLIC        P4OD
  D:009AH         PUBLIC        P5OD
  D:0089H         PUBLIC        P0IO
  D:00B2H         PUBLIC        T0CR
  D:009BH         PUBLIC        P6OD
  D:0091H         PUBLIC        P1IO
  D:00B4H         PUBLIC        T0DR
  D:0099H         PUBLIC        P2IO
  D:00A1H         PUBLIC        P3IO
  D:00C2H         PUBLIC        T3CR
  D:00B1H         PUBLIC        P4IO
  D:00C6H         PUBLIC        T3DR
  D:00B9H         PUBLIC        P5IO
  D:00C1H         PUBLIC        P6IO
  C:1892H         PUBLIC        UART_Def_Init
  C:19B8H         PUBLIC        clock_init
  D:00D4H         PUBLIC        P0PU
  C:0086H         PUBLIC        main
  D:00D5H         PUBLIC        P1PU
  D:00D6H         PUBLIC        P2PU
BL51 BANKED LINKER/LOCATER V6.22                                                      11/24/2018  11:14:26  PAGE 8


  D:00D7H         PUBLIC        P3PU
  D:00DAH         PUBLIC        P4PU
  D:00DBH         PUBLIC        P5PU
  D:008AH         PUBLIC        SCCR
  D:00DCH         PUBLIC        P6PU
  C:1880H         PUBLIC        _BUZ_OnOff
  D:00F5H         PUBLIC        LCDCCR
  D:006DH         PUBLIC        testINT
  D:00ECH         PUBLIC        LCDCRH
  C:12DCH         PUBLIC        INT_UART_Rx
  D:00EBH         PUBLIC        LCDCRL
  C:1658H         PUBLIC        INT_UART_Tx
  D:006FH         PUBLIC        read_UARTData
  D:00F3H         PUBLIC        P5FSRH
  C:1991H         PUBLIC        UART_read
  D:00F2H         PUBLIC        P5FSRL
  D:00A9H         PUBLIC        IE1
  D:00AAH         PUBLIC        IE2
  D:00ABH         PUBLIC        IE3
  D:009EH         PUBLIC        WTCR
  C:193BH         PUBLIC        WT_init
  D:009FH         PUBLIC        WTDR
  D:00E6H         PUBLIC        UARTBD
  C:1921H         PUBLIC        Timer0_init
  C:19A1H         PUBLIC        _UART_write
  C:192EH         PUBLIC        Timer3_init
  C:17FBH         PUBLIC        UART_init
  D:00E7H         PUBLIC        UARTDR
  C:004EH         PUBLIC        WDT_clear
  C:1284H         PUBLIC        port_init
  D:00E5H         PUBLIC        UARTST
  C:1999H         PUBLIC        LCD_init
  D:00EDH         PUBLIC        P0FSR
  D:00EEH         PUBLIC        P2FSR
  D:00EFH         PUBLIC        P3FSR
  D:00F1H         PUBLIC        P4FSR
  B:0028H.2       PUBLIC        enUart
  D:00F4H         PUBLIC        P6FSR
  C:141DH         PUBLIC        INT_WT
  D:00D9H         PUBLIC        OSCCR
  -------         PROC          MAIN
  C:0086H         LINE#         15
  C:0086H         LINE#         16
  C:0086H         LINE#         17
  C:0089H         LINE#         18
  C:008CH         LINE#         19
  C:008FH         LINE#         20
  C:0092H         LINE#         21
  C:0095H         LINE#         22
  C:0098H         LINE#         23
  C:009BH         LINE#         36
  C:009EH         LINE#         39
  C:00A1H         LINE#         40
  -------         ENDPROC       MAIN
  -------         PROC          INT_UART_RX
  -------         DO            
  D:0007H         SYMBOL        temp_RxData
BL51 BANKED LINKER/LOCATER V6.22                                                      11/24/2018  11:14:26  PAGE 9


  -------         ENDDO         
  C:12DCH         LINE#         47
  C:12E7H         LINE#         52
  C:12E9H         LINE#         54
  C:12ECH         LINE#         55
  C:12F0H         LINE#         56
  C:12F3H         LINE#         57
  C:12F3H         LINE#         58
  C:12FBH         LINE#         59
  C:1302H         LINE#         60
  C:1307H         LINE#         61
  C:1307H         LINE#         62
  C:130AH         LINE#         63
  C:130CH         LINE#         64
  C:130EH         LINE#         65
  C:130EH         LINE#         66
  C:1310H         LINE#         68
  C:1310H         LINE#         69
  C:1318H         LINE#         70
  C:131FH         LINE#         71
  C:1322H         LINE#         72
  C:1322H         LINE#         73
  C:1326H         LINE#         74
  C:1328H         LINE#         75
  C:132AH         LINE#         76
  C:132AH         LINE#         77
  C:132AH         LINE#         78
  -------         ENDPROC       INT_UART_RX
  -------         PROC          INT_UART_TX
  C:1658H         LINE#         80
  C:1661H         LINE#         85
  C:1664H         LINE#         86
  C:1669H         LINE#         87
  C:1669H         LINE#         88
  C:166DH         LINE#         89
  C:1677H         LINE#         90
  C:1680H         LINE#         91
  C:1683H         LINE#         92
  C:1683H         LINE#         93
  -------         ENDPROC       INT_UART_TX
  -------         PROC          INT_TIMER0
  C:1575H         LINE#         95
  C:1592H         LINE#         99
  C:1595H         LINE#         101
  -------         ENDPROC       INT_TIMER0
  -------         PROC          INT_TIMER3
  C:15B0H         LINE#         103
  C:15CDH         LINE#         107
  C:15D0H         LINE#         108
  -------         ENDPROC       INT_TIMER3
  -------         PROC          INT_WT
  C:141DH         LINE#         110
  C:1428H         LINE#         116
  C:142AH         LINE#         117
  C:142DH         LINE#         118
  C:142DH         LINE#         119
  C:1436H         LINE#         120
BL51 BANKED LINKER/LOCATER V6.22                                                      11/24/2018  11:14:26  PAGE 10


  C:1436H         LINE#         121
  C:1438H         LINE#         122
  C:1441H         LINE#         123
  C:1441H         LINE#         124
  C:1443H         LINE#         125
  C:144CH         LINE#         126
  C:144CH         LINE#         127
  C:144EH         LINE#         128
  C:1455H         LINE#         129
  C:1458H         LINE#         130
  C:145AH         LINE#         131
  C:145AH         LINE#         132
  C:145AH         LINE#         133
  C:145AH         LINE#         145
  C:145AH         LINE#         146
  C:145EH         LINE#         147
  -------         ENDPROC       INT_WT
  -------         PROC          UART_READ
  -------         DO            
  D:0007H         SYMBOL        dat
  -------         ENDDO         
  C:1991H         LINE#         153
  C:1991H         LINE#         154
  C:1991H         LINE#         157
  C:1996H         LINE#         158
  C:1998H         LINE#         159
  C:1998H         LINE#         160
  -------         ENDPROC       UART_READ
  -------         PROC          _BUZ_ONOFF
  D:0007H         SYMBOL        On
  C:1880H         LINE#         162
  C:1880H         LINE#         163
  C:1880H         LINE#         165
  C:1891H         LINE#         166
  -------         ENDPROC       _BUZ_ONOFF
  -------         PROC          BUZ_INIT
  C:19B1H         LINE#         168
  C:19B1H         LINE#         169
  C:19B1H         LINE#         172
  C:19B4H         LINE#         173
  C:19B7H         LINE#         174
  -------         ENDPROC       BUZ_INIT
  -------         PROC          LCD_INIT
  C:1999H         LINE#         176
  C:1999H         LINE#         177
  C:1999H         LINE#         180
  C:199CH         LINE#         181
  C:199EH         LINE#         182
  C:19A0H         LINE#         183
  -------         ENDPROC       LCD_INIT
  -------         PROC          TIMER0_INIT
  C:1921H         LINE#         185
  C:1921H         LINE#         186
  C:1921H         LINE#         189
  C:1924H         LINE#         190
  C:1927H         LINE#         191
  C:192AH         LINE#         192
BL51 BANKED LINKER/LOCATER V6.22                                                      11/24/2018  11:14:26  PAGE 11


  C:192DH         LINE#         193
  -------         ENDPROC       TIMER0_INIT
  -------         PROC          TIMER3_INIT
  C:192EH         LINE#         195
  C:192EH         LINE#         196
  C:192EH         LINE#         199
  C:1931H         LINE#         200
  C:1934H         LINE#         201
  C:1937H         LINE#         202
  C:193AH         LINE#         203
  -------         ENDPROC       TIMER3_INIT
  -------         PROC          UART_INIT
  C:17FBH         LINE#         206
  C:17FBH         LINE#         207
  C:17FBH         LINE#         210
  C:17FEH         LINE#         211
  C:17FEH         LINE#         212
  C:1801H         LINE#         213
  C:1804H         LINE#         214
  C:1807H         LINE#         215
  C:180AH         LINE#         216
  C:180DH         LINE#         217
  C:1810H         LINE#         218
  C:1810H         LINE#         219
  C:1812H         LINE#         220
  -------         ENDPROC       UART_INIT
  -------         PROC          UART_DEF_INIT
  C:1892H         LINE#         222
  C:1892H         LINE#         223
  C:1892H         LINE#         226
  C:1895H         LINE#         227
  C:1895H         LINE#         228
  C:1898H         LINE#         229
  C:189AH         LINE#         230
  C:189AH         LINE#         231
  C:189CH         LINE#         232
  C:189EH         LINE#         233
  C:18A1H         LINE#         234
  C:18A1H         LINE#         235
  C:18A3H         LINE#         236
  -------         ENDPROC       UART_DEF_INIT
  -------         PROC          _UART_WRITE
  D:0007H         SYMBOL        dat
  C:19A1H         LINE#         238
  C:19A1H         LINE#         239
  C:19A1H         LINE#         240
  C:19A6H         LINE#         241
  C:19A8H         LINE#         242
  -------         ENDPROC       _UART_WRITE
  -------         PROC          WDT_CLEAR
  C:004EH         LINE#         244
  C:004EH         LINE#         245
  C:004EH         LINE#         246
  C:0051H         LINE#         247
  -------         ENDPROC       WDT_CLEAR
  -------         PROC          WDT_INIT
  C:1976H         LINE#         249
BL51 BANKED LINKER/LOCATER V6.22                                                      11/24/2018  11:14:26  PAGE 12


  C:1976H         LINE#         250
  C:1976H         LINE#         252
  C:1979H         LINE#         253
  C:197CH         LINE#         255
  -------         ENDPROC       WDT_INIT
  -------         PROC          WT_DEF_INIT
  C:1961H         LINE#         259
  C:1961H         LINE#         260
  C:1961H         LINE#         262
  C:1964H         LINE#         263
  C:1966H         LINE#         264
  C:1968H         LINE#         265
  C:196BH         LINE#         266
  -------         ENDPROC       WT_DEF_INIT
  -------         PROC          WT_INIT
  C:193BH         LINE#         268
  C:193BH         LINE#         269
  C:193BH         LINE#         271
  C:193EH         LINE#         272
  C:1941H         LINE#         273
  C:1944H         LINE#         274
  C:1947H         LINE#         275
  -------         ENDPROC       WT_INIT
  -------         PROC          CLOCK_INIT
  C:19B8H         LINE#         277
  C:19B8H         LINE#         278
  C:19B8H         LINE#         281
  C:19BBH         LINE#         282
  C:19BEH         LINE#         289
  -------         ENDPROC       CLOCK_INIT
  -------         PROC          PORT_INIT
  C:1284H         LINE#         291
  C:1284H         LINE#         292
  C:1284H         LINE#         341
  C:1287H         LINE#         342
  C:128AH         LINE#         343
  C:128DH         LINE#         344
  C:128FH         LINE#         345
  C:1291H         LINE#         347
  C:1294H         LINE#         348
  C:1297H         LINE#         349
  C:1299H         LINE#         350
  C:129BH         LINE#         351
  C:129DH         LINE#         353
  C:12A0H         LINE#         354
  C:12A2H         LINE#         355
  C:12A4H         LINE#         356
  C:12A6H         LINE#         358
  C:12A9H         LINE#         359
  C:12ABH         LINE#         360
  C:12ADH         LINE#         361
  C:12AFH         LINE#         363
  C:12B2H         LINE#         364
  C:12B4H         LINE#         365
  C:12B6H         LINE#         366
  C:12B8H         LINE#         368
  C:12BBH         LINE#         369
BL51 BANKED LINKER/LOCATER V6.22                                                      11/24/2018  11:14:26  PAGE 13


  C:12BDH         LINE#         370
  C:12BFH         LINE#         371
  C:12C1H         LINE#         373
  C:12C4H         LINE#         374
  C:12C6H         LINE#         375
  C:12C8H         LINE#         376
  C:12CAH         LINE#         379
  C:12CDH         LINE#         380
  C:12CFH         LINE#         381
  C:12D1H         LINE#         382
  C:12D3H         LINE#         383
  C:12D6H         LINE#         384
  C:12D8H         LINE#         385
  C:12DBH         LINE#         386
  -------         ENDPROC       PORT_INIT
  -------         ENDMOD        MAIN

  -------         MODULE        APP_MAIN
  C:0000H         SYMBOL        _ICE_DUMMY_
  I:0076H         PUBLIC        cnt0_5s
  D:0080H         PUBLIC        P0
  C:15EBH         PUBLIC        DisplayStatusExit
  I:0077H         PUBLIC        gRTC_Hour_bk
  I:0078H         PUBLIC        Snooze_Hour
  B:0025H.5       PUBLIC        gb0_5s
  D:0058H         PUBLIC        Flag_DaylightSaving
  D:0059H         PUBLIC        gZone
  D:00C0H         PUBLIC        P6
  I:0079H         PUBLIC        cntSnooze_9Min
  C:16BCH         PUBLIC        JustPower_AllLED
  C:14F5H         PUBLIC        JustPower_AllLED_2s
  B:0025H.6       PUBLIC        gbSleepEnable
  C:16EBH         PUBLIC        PowerON_Reset
  B:0025H.7       PUBLIC        gbSnoozeEnable
  B:0026H.0       PUBLIC        gbPowerOn
  C:11CAH         PUBLIC        Timing_Handle
  I:007DH         PUBLIC        gRTC_Minute
  B:0026H.1       PUBLIC        gbHalfSecond
  I:007EH         PUBLIC        Alarm1Mode
  C:1467H         PUBLIC        Sys_Tick
  D:005AH         PUBLIC        Ctrl_Com_TypeDef
  D:005BH         PUBLIC        PlayMode_TypeDef
  I:007FH         PUBLIC        cntAlarm
  I:0080H         PUBLIC        timeCnt_30Sec
  I:0082H         PUBLIC        gRTC_Week
  C:0052H         PUBLIC        Snooze_9Min
  I:0083H         PUBLIC        cntSleep
  B:0026H.2       PUBLIC        AppTick1ms
  I:0084H         PUBLIC        cntBT_Connect_30s
  I:0086H         PUBLIC        sys_Name
  I:0087H         PUBLIC        cntBeep
  C:196CH         PUBLIC        Clear_Sleep
  I:0088H         PUBLIC        gRTC_Hour_bk_24
  C:1386H         PUBLIC        app_main
  C:0056H         PUBLIC        SnoozeEnable
  C:19A9H         PUBLIC        ClearDisplayStatus
  I:0089H         PUBLIC        gRTC_Sec
BL51 BANKED LINKER/LOCATER V6.22                                                      11/24/2018  11:14:26  PAGE 14


  I:008AH         PUBLIC        gRTC_Hour
  I:008BH         PUBLIC        AlarmingType
  I:008CH         PUBLIC        sys_Cmd
  I:008DH         PUBLIC        gRTC_Minute_bk
  D:005CH         PUBLIC        cntJustPower_AllLED_2s
  I:008EH         PUBLIC        Snooze_Minute
  I:008FH         PUBLIC        cntAlarm1_IQ_BTOrBEEp
  I:0090H         PUBLIC        sleepTimeSet
  I:0091H         PUBLIC        sysVolume
  B:0026H.3       PUBLIC        AppTick0
  B:0026H.4       PUBLIC        AppTick1
  B:0026H.5       PUBLIC        gb12HourDisp
  B:0026H.6       PUBLIC        AppTick2
  D:005DH         PUBLIC        cntDispStatus
  B:0026H.7       PUBLIC        AppTick3
  B:0027H.0       PUBLIC        AppTick4
  B:0027H.1       PUBLIC        AppTick5
  C:1537H         PUBLIC        JustPower_AllLED_Flag
  C:0A04H         PUBLIC        Compare_1MinutePorc
  D:005FH         PUBLIC        Flag_Alarm1_IQ_BTOrBEEp
  B:0027H.2       PUBLIC        gbTestMode
  I:0092H         PUBLIC        cntNoFlash
  I:0093H         PUBLIC        cntAppTick
  D:0060H         PUBLIC        Flag_DispStatus
  D:0061H         PUBLIC        cnt_num
  B:0027H.3       PUBLIC        gbUser_AdjClk
  I:0094H         PUBLIC        cntAlarm_Runing_60Min
  I:0095H         PUBLIC        gRTC_Sec_bk
  -------         PROC          CLEARDISPLAYSTATUS
  C:19A9H         LINE#         105
  C:19A9H         LINE#         106
  C:19A9H         LINE#         107
  C:19ACH         LINE#         108
  C:19B0H         LINE#         109
  -------         ENDPROC       CLEARDISPLAYSTATUS
  -------         PROC          CLEAR_SLEEP
  C:196CH         LINE#         125
  C:196CH         LINE#         126
  C:196CH         LINE#         127
  C:1970H         LINE#         128
  C:1973H         LINE#         129
  C:1975H         LINE#         130
  -------         ENDPROC       CLEAR_SLEEP
  -------         PROC          DISPLAYSTATUSEXIT
  C:15EBH         LINE#         146
  C:15EBH         LINE#         147
  C:15EBH         LINE#         148
  C:15F1H         LINE#         149
  C:15F1H         LINE#         150
  C:15FAH         LINE#         151
  C:15FAH         LINE#         152
  C:15FCH         LINE#         153
  C:15FEH         LINE#         154
  C:15FEH         LINE#         155
  C:160BH         LINE#         156
  C:160BH         LINE#         157
  C:1613H         LINE#         158
BL51 BANKED LINKER/LOCATER V6.22                                                      11/24/2018  11:14:26  PAGE 15


  C:1613H         LINE#         159
  C:1613H         LINE#         160
  C:1613H         LINE#         161
  C:1613H         LINE#         162
  C:1618H         LINE#         163
  C:1618H         LINE#         164
  C:1618H         LINE#         165
  C:161EH         LINE#         166
  C:1621H         LINE#         167
  C:1621H         LINE#         168
  C:1621H         LINE#         169
  C:1621H         LINE#         170
  C:1621H         LINE#         171
  -------         ENDPROC       DISPLAYSTATUSEXIT
  -------         PROC          SNOOZE_9MIN
  C:0052H         LINE#         187
  C:0052H         LINE#         188
  C:0052H         LINE#         203
  -------         ENDPROC       SNOOZE_9MIN
  -------         PROC          SNOOZEENABLE
  C:0056H         LINE#         219
  C:0056H         LINE#         220
  C:0056H         LINE#         221
  C:0059H         LINE#         222
  C:0059H         LINE#         223
  C:005EH         LINE#         224
  C:005EH         LINE#         226
  C:0060H         LINE#         227
  C:0063H         LINE#         228
  C:0068H         LINE#         230
  C:006AH         LINE#         231
  C:006AH         LINE#         232
  C:006AH         LINE#         233
  -------         ENDPROC       SNOOZEENABLE
  -------         PROC          JUSTPOWER_ALLLED_FLAG
  C:1537H         LINE#         250
  C:1537H         LINE#         251
  C:1537H         LINE#         252
  C:153AH         LINE#         253
  C:153CH         LINE#         254
  C:153EH         LINE#         255
  C:1540H         LINE#         256
  C:1542H         LINE#         257
  C:1544H         LINE#         258
  C:1546H         LINE#         259
  C:1548H         LINE#         260
  C:154AH         LINE#         261
  C:154CH         LINE#         262
  C:154EH         LINE#         263
  C:1550H         LINE#         264
  C:1552H         LINE#         265
  C:1554H         LINE#         266
  C:1556H         LINE#         267
  C:1558H         LINE#         268
  C:155AH         LINE#         269
  C:155CH         LINE#         270
  C:155EH         LINE#         271
BL51 BANKED LINKER/LOCATER V6.22                                                      11/24/2018  11:14:26  PAGE 16


  C:1560H         LINE#         272
  C:1562H         LINE#         273
  C:1564H         LINE#         274
  C:1566H         LINE#         275
  C:1568H         LINE#         276
  C:156AH         LINE#         277
  C:156CH         LINE#         278
  C:156EH         LINE#         279
  C:1570H         LINE#         280
  C:1572H         LINE#         281
  C:1574H         LINE#         282
  -------         ENDPROC       JUSTPOWER_ALLLED_FLAG
  -------         PROC          JUSTPOWER_ALLLED_2S
  C:14F5H         LINE#         298
  C:14F5H         LINE#         299
  C:14F5H         LINE#         300
  C:14F7H         LINE#         301
  C:14FBH         LINE#         302
  C:14FBH         LINE#         304
  C:14FEH         LINE#         305
  C:1500H         LINE#         306
  C:1502H         LINE#         307
  C:1504H         LINE#         308
  C:1506H         LINE#         309
  C:1508H         LINE#         310
  C:150AH         LINE#         311
  C:150CH         LINE#         312
  C:150EH         LINE#         313
  C:1510H         LINE#         314
  C:1512H         LINE#         315
  C:1514H         LINE#         316
  C:1516H         LINE#         317
  C:1518H         LINE#         318
  C:151AH         LINE#         319
  C:151CH         LINE#         320
  C:151EH         LINE#         321
  C:1520H         LINE#         322
  C:1522H         LINE#         323
  C:1524H         LINE#         324
  C:1526H         LINE#         325
  C:1528H         LINE#         326
  C:152AH         LINE#         327
  C:152CH         LINE#         328
  C:152EH         LINE#         329
  C:1530H         LINE#         330
  C:1532H         LINE#         331
  C:1534H         LINE#         332
  C:1536H         LINE#         333
  C:1536H         LINE#         334
  -------         ENDPROC       JUSTPOWER_ALLLED_2S
  -------         PROC          JUSTPOWER_ALLLED
  C:16BCH         LINE#         350
  C:16BCH         LINE#         351
  C:16BCH         LINE#         352
  C:16BFH         LINE#         353
  C:16C2H         LINE#         354
  C:16C2H         LINE#         355
BL51 BANKED LINKER/LOCATER V6.22                                                      11/24/2018  11:14:26  PAGE 17


  C:16C4H         LINE#         356
  C:16C4H         LINE#         357
  C:16C7H         LINE#         358
  C:16C7H         LINE#         360
  C:16C9H         LINE#         361
  C:16C9H         LINE#         362
  C:16CCH         LINE#         363
  C:16CCH         LINE#         364
  C:16CEH         LINE#         365
  C:16CEH         LINE#         366
  C:16D1H         LINE#         367
  C:16D1H         LINE#         368
  C:16D3H         LINE#         369
  C:16D3H         LINE#         370
  C:16D6H         LINE#         371
  C:16D6H         LINE#         372
  C:16D8H         LINE#         373
  C:16D8H         LINE#         374
  C:16DBH         LINE#         375
  C:16DBH         LINE#         376
  C:16DDH         LINE#         377
  C:16E0H         LINE#         378
  C:16E0H         LINE#         379
  C:16E3H         LINE#         380
  C:16E3H         LINE#         381
  C:16E5H         LINE#         382
  C:16E8H         LINE#         383
  C:16E8H         LINE#         384
  -------         ENDPROC       JUSTPOWER_ALLLED
  -------         PROC          COMPARE_1MINUTEPORC
  C:0A04H         LINE#         402
  C:0A04H         LINE#         403
  C:0A04H         LINE#         409
  C:0A10H         LINE#         410
  C:0A10H         LINE#         411
  C:0A12H         LINE#         421
  C:0A17H         LINE#         422
  C:0A17H         LINE#         423
  C:0A1AH         LINE#         424
  C:0A1DH         LINE#         425
  C:0A20H         LINE#         426
  C:0A24H         LINE#         427
  C:0A26H         LINE#         428
  C:0A2BH         LINE#         429
  C:0A2BH         LINE#         430
  C:0A2EH         LINE#         431
  C:0A31H         LINE#         433
  C:0A31H         LINE#         435
  C:0A3DH         LINE#         436
  C:0A3DH         LINE#         437
  C:0A3FH         LINE#         442
  C:0A4EH         LINE#         443
  C:0A4EH         LINE#         444
  C:0A52H         LINE#         445
  C:0A52H         LINE#         447
  C:0A57H         LINE#         448
  C:0A57H         LINE#         449
BL51 BANKED LINKER/LOCATER V6.22                                                      11/24/2018  11:14:26  PAGE 18


  C:0A5BH         LINE#         450
  C:0A5EH         LINE#         451
  C:0A5EH         LINE#         453
  C:0A5EH         LINE#         454
  C:0A5EH         LINE#         458
  C:0A6AH         LINE#         459
  C:0A6AH         LINE#         460
  C:0A6DH         LINE#         461
  C:0A73H         LINE#         462
  C:0A73H         LINE#         463
  C:0A76H         LINE#         464
  C:0A76H         LINE#         465
  C:0A7BH         LINE#         466
  C:0A7BH         LINE#         467
  C:0A92H         LINE#         468
  C:0AA3H         LINE#         469
  C:0AA3H         LINE#         470
  C:0AACH         LINE#         471
  C:0AAFH         LINE#         472
  C:0AAFH         LINE#         473
  C:0AAFH         LINE#         474
  C:0AAFH         LINE#         480
  C:0AB8H         LINE#         481
  C:0AB8H         LINE#         482
  C:0ABCH         LINE#         483
  C:0ABFH         LINE#         484
  C:0AC5H         LINE#         485
  C:0AC5H         LINE#         486
  C:0AC7H         LINE#         488
  C:0AC7H         LINE#         489
  C:0AC7H         LINE#         490
  C:0AC7H         LINE#         491
  C:0AC7H         LINE#         496
  C:0AD9H         LINE#         497
  C:0AD9H         LINE#         498
  C:0AE0H         LINE#         499
  C:0AE0H         LINE#         500
  C:0AE6H         LINE#         501
  C:0AE6H         LINE#         502
  C:0AE9H         LINE#         503
  C:0AE9H         LINE#         505
  C:0AEDH         LINE#         506
  C:0AEDH         LINE#         507
  C:0AF0H         LINE#         508
  C:0AF5H         LINE#         509
  C:0AF5H         LINE#         510
  C:0AF7H         LINE#         511
  C:0B00H         LINE#         512
  C:0B00H         LINE#         514
  C:0B08H         LINE#         515
  C:0B1DH         LINE#         516
  C:0B21H         LINE#         519
  C:0B21H         LINE#         520
  C:0B22H         LINE#         522
  C:0B22H         LINE#         523
  C:0B34H         LINE#         524
  C:0B38H         LINE#         525
BL51 BANKED LINKER/LOCATER V6.22                                                      11/24/2018  11:14:26  PAGE 19


  C:0B40H         LINE#         526
  C:0B43H         LINE#         527
  C:0B4FH         LINE#         528
  C:0B4FH         LINE#         529
  C:0B53H         LINE#         530
  C:0B56H         LINE#         531
  C:0B56H         LINE#         532
  C:0B59H         LINE#         533
  C:0B59H         LINE#         534
  C:0B59H         LINE#         535
  C:0B59H         LINE#         536
  C:0B5AH         LINE#         538
  C:0B5AH         LINE#         539
  C:0B60H         LINE#         540
  C:0B60H         LINE#         542
  C:0B63H         LINE#         543
  C:0B66H         LINE#         544
  C:0B6CH         LINE#         545
  C:0B70H         LINE#         546
  C:0B7EH         LINE#         547
  C:0B83H         LINE#         549
  C:0B87H         LINE#         550
  C:0B87H         LINE#         551
  C:0B87H         LINE#         552
  C:0B88H         LINE#         554
  C:0B88H         LINE#         555
  C:0B8DH         LINE#         556
  C:0B90H         LINE#         557
  C:0B94H         LINE#         558
  C:0B94H         LINE#         559
  C:0B97H         LINE#         560
  C:0B9BH         LINE#         561
  C:0B9BH         LINE#         562
  C:0B9BH         LINE#         563
  C:0B9BH         LINE#         565
  -------         ENDPROC       COMPARE_1MINUTEPORC
  -------         PROC          TIMING_HANDLE
  C:11CAH         LINE#         581
  C:11CAH         LINE#         582
  C:11CAH         LINE#         583
  C:11CFH         LINE#         584
  C:11CFH         LINE#         585
  C:11D7H         LINE#         586
  C:11E3H         LINE#         587
  C:11E3H         LINE#         588
  C:11E6H         LINE#         589
  C:11E8H         LINE#         590
  C:11EBH         LINE#         591
  C:11EFH         LINE#         592
  C:11F3H         LINE#         593
  C:11F5H         LINE#         594
  C:11F5H         LINE#         595
  C:11F6H         LINE#         596
  C:11FBH         LINE#         597
  C:11FBH         LINE#         598
  C:1203H         LINE#         599
  C:120FH         LINE#         600
BL51 BANKED LINKER/LOCATER V6.22                                                      11/24/2018  11:14:26  PAGE 20


  C:120FH         LINE#         601
  C:1212H         LINE#         602
  C:1214H         LINE#         603
  C:1217H         LINE#         604
  C:121AH         LINE#         605
  C:121DH         LINE#         606
  C:1220H         LINE#         607
  C:1224H         LINE#         608
  C:1226H         LINE#         609
  C:1226H         LINE#         610
  C:1226H         LINE#         613
  -------         ENDPROC       TIMING_HANDLE
  -------         PROC          SYS_TICK
  C:1467H         LINE#         630
  C:1467H         LINE#         631
  C:1467H         LINE#         632
  C:1469H         LINE#         633
  C:146FH         LINE#         634
  C:1471H         LINE#         635
  C:1475H         LINE#         636
  C:1477H         LINE#         637
  C:147BH         LINE#         638
  C:147DH         LINE#         639
  C:1481H         LINE#         640
  C:1483H         LINE#         641
  C:1487H         LINE#         642
  C:1489H         LINE#         643
  C:148DH         LINE#         644
  C:148FH         LINE#         645
  C:1493H         LINE#         646
  C:1493H         LINE#         647
  C:1499H         LINE#         648
  C:149CH         LINE#         649
  C:14A2H         LINE#         650
  C:14A5H         LINE#         651
  C:14A5H         LINE#         652
  C:14AEH         LINE#         653
  C:14AEH         LINE#         654
  C:14B0H         LINE#         655
  C:14B0H         LINE#         656
  -------         ENDPROC       SYS_TICK
  -------         PROC          POWERON_RESET
  C:16EBH         LINE#         672
  C:16EBH         LINE#         673
  C:16EBH         LINE#         675
  C:16EEH         LINE#         676
  C:16F1H         LINE#         677
  C:16F4H         LINE#         679
  C:16F7H         LINE#         680
  C:16FAH         LINE#         681
  C:16FDH         LINE#         682
  C:1701H         LINE#         683
  C:1703H         LINE#         684
  C:1705H         LINE#         685
  C:1707H         LINE#         686
  C:1709H         LINE#         687
  C:170CH         LINE#         688
BL51 BANKED LINKER/LOCATER V6.22                                                      11/24/2018  11:14:26  PAGE 21


  C:170FH         LINE#         689
  C:1712H         LINE#         690
  C:1715H         LINE#         691
  C:1717H         LINE#         696
  C:1719H         LINE#         700
  -------         ENDPROC       POWERON_RESET
  -------         PROC          APP_MAIN
  C:1386H         LINE#         716
  C:1386H         LINE#         717
  C:1386H         LINE#         718
  C:1389H         LINE#         719
  C:138DH         LINE#         720
  C:138DH         LINE#         722
  C:1390H         LINE#         723
  C:1392H         LINE#         725
  C:1392H         LINE#         726
  C:1392H         LINE#         728
  C:1395H         LINE#         729
  C:1395H         LINE#         730
  C:1397H         LINE#         731
  C:1397H         LINE#         732
  C:139AH         LINE#         733
  C:139AH         LINE#         734
  C:139CH         LINE#         735
  C:139FH         LINE#         736
  C:13A2H         LINE#         737
  C:13A2H         LINE#         738
  C:13A8H         LINE#         739
  C:13A8H         LINE#         740
  C:13AAH         LINE#         741
  C:13ACH         LINE#         742
  C:13AFH         LINE#         744
  C:13AFH         LINE#         745
  C:13B2H         LINE#         746
  C:13B2H         LINE#         747
  C:13B4H         LINE#         748
  C:13B7H         LINE#         750
  C:13B7H         LINE#         751
  C:13BAH         LINE#         752
  C:13BAH         LINE#         753
  C:13BCH         LINE#         754
  C:13BFH         LINE#         755
  C:13BFH         LINE#         756
  C:13C2H         LINE#         757
  C:13C2H         LINE#         758
  C:13C4H         LINE#         759
  C:13C7H         LINE#         760
  C:13CAH         LINE#         761
  C:13CDH         LINE#         762
  C:13CDH         LINE#         763
  C:13D0H         LINE#         764
  -------         ENDPROC       APP_MAIN
  -------         ENDMOD        APP_MAIN

  -------         MODULE        KEY_MODE
  C:0000H         SYMBOL        _ICE_DUMMY_
  D:0088H         PUBLIC        P1
BL51 BANKED LINKER/LOCATER V6.22                                                      11/24/2018  11:14:26  PAGE 22


  D:004AH         PUBLIC        gbKeyPress
  D:004BH         PUBLIC        gbKeyNone
  D:004CH         PUBLIC        FlagKSet_TypeDef
  D:004DH         PUBLIC        cntKeyLoop
  D:004EH         PUBLIC        Time_Temp_TypeDef
  D:0052H         PUBLIC        cntKeylong
  D:0053H         PUBLIC        KeyValue
  D:0054H         PUBLIC        KeyEvent
  C:19D4H         PUBLIC        KeyScan
  D:0055H         PUBLIC        KeyLastValue
  C:0F3DH         PUBLIC        _KeyEventPorc
  C:19DAH         PUBLIC        GetKeyValue
  C:0FDCH         PUBLIC        Matrix_Buttons
  D:0056H         PUBLIC        KeyCurValue
  D:0057H         PUBLIC        KeyCurValueBK
  C:00A6H         PUBLIC        KeyComMsg
  -------         PROC          MATRIX_BUTTONS
  -------         DO            
  D:0007H         SYMBOL        tmp1
  D:0006H         SYMBOL        tmp2
  -------         ENDDO         
  C:0FDCH         LINE#         61
  C:0FDCH         LINE#         62
  C:0FDCH         LINE#         63
  C:0FDEH         LINE#         64
  C:0FDFH         LINE#         65
  C:0FE7H         LINE#         66
  C:0FE7H         LINE#         67
  C:0FEAH         LINE#         68
  C:0FEDH         LINE#         69
  C:0FF0H         LINE#         70
  C:0FF3H         LINE#         71
  C:0FF8H         LINE#         72
  C:0FFBH         LINE#         73
  C:0FFEH         LINE#         74
  C:1001H         LINE#         75
  C:1004H         LINE#         76
  C:1007H         LINE#         77
  C:100CH         LINE#         78
  C:100CH         LINE#         79
  C:100FH         LINE#         80
  C:1015H         LINE#         81
  C:1015H         LINE#         82
  C:1018H         LINE#         83
  C:1018H         LINE#         84
  C:101EH         LINE#         85
  C:101EH         LINE#         86
  C:1021H         LINE#         87
  C:1021H         LINE#         88
  C:1027H         LINE#         89
  C:1027H         LINE#         90
  C:102AH         LINE#         91
  C:102AH         LINE#         92
  C:1030H         LINE#         93
  C:1030H         LINE#         94
  C:1033H         LINE#         95
  C:1033H         LINE#         96
BL51 BANKED LINKER/LOCATER V6.22                                                      11/24/2018  11:14:26  PAGE 23


  C:1039H         LINE#         97
  C:1039H         LINE#         98
  C:103CH         LINE#         99
  C:103CH         LINE#         100
  C:1042H         LINE#         101
  C:1042H         LINE#         102
  C:1045H         LINE#         103
  C:1045H         LINE#         104
  C:104BH         LINE#         105
  C:104BH         LINE#         106
  C:104EH         LINE#         107
  C:104EH         LINE#         108
  C:1054H         LINE#         109
  C:1054H         LINE#         110
  C:1057H         LINE#         111
  C:1057H         LINE#         112
  C:105DH         LINE#         113
  C:105DH         LINE#         114
  C:1060H         LINE#         115
  C:1060H         LINE#         116
  C:1066H         LINE#         117
  C:1066H         LINE#         118
  C:1069H         LINE#         119
  C:1069H         LINE#         120
  C:106FH         LINE#         121
  C:106FH         LINE#         122
  C:1072H         LINE#         123
  C:1072H         LINE#         124
  C:1074H         LINE#         207
  -------         ENDPROC       MATRIX_BUTTONS
  -------         PROC          GETKEYVALUE
  -------         DO            
  D:0007H         SYMBOL        keyNum
  -------         ENDDO         
  C:19DAH         LINE#         223
  C:19DAH         LINE#         224
  C:19DAH         LINE#         226
  C:19DDH         LINE#         227
  C:19DDH         LINE#         228
  -------         ENDPROC       GETKEYVALUE
  -------         PROC          _KEYEVENTPORC
  D:0007H         SYMBOL        KeyTmp
  C:0F3DH         LINE#         244
  C:0F3DH         LINE#         245
  C:0F3DH         LINE#         246
  C:0F40H         LINE#         247
  C:0F45H         LINE#         248
  C:0F45H         LINE#         249
  C:0F4AH         LINE#         250
  C:0F4DH         LINE#         252
  C:0F50H         LINE#         254
  C:0F50H         LINE#         255
  C:0F56H         LINE#         256
  C:0F56H         LINE#         257
  C:0F61H         LINE#         259
  C:0F67H         LINE#         260
  C:0F67H         LINE#         261
BL51 BANKED LINKER/LOCATER V6.22                                                      11/24/2018  11:14:26  PAGE 24


  C:0F6AH         LINE#         262
  C:0F6EH         LINE#         263
  C:0F71H         LINE#         264
  C:0F80H         LINE#         265
  C:0F80H         LINE#         266
  C:0F80H         LINE#         267
  C:0F83H         LINE#         268
  C:0F86H         LINE#         269
  C:0F89H         LINE#         270
  C:0F8AH         LINE#         271
  C:0F8AH         LINE#         272
  C:0F8DH         LINE#         273
  C:0F90H         LINE#         274
  C:0F93H         LINE#         275
  C:0F94H         LINE#         276
  C:0F94H         LINE#         277
  C:0F94H         LINE#         278
  C:0F97H         LINE#         279
  C:0F9AH         LINE#         280
  C:0F9DH         LINE#         281
  C:0FA4H         LINE#         282
  C:0FA6H         LINE#         283
  C:0FA7H         LINE#         284
  C:0FA7H         LINE#         285
  C:0FA7H         LINE#         286
  C:0FA7H         LINE#         288
  C:0FA7H         LINE#         289
  C:0FABH         LINE#         290
  C:0FABH         LINE#         291
  C:0FADH         LINE#         292
  C:0FB1H         LINE#         293
  C:0FB4H         LINE#         294
  C:0FC1H         LINE#         295
  C:0FC1H         LINE#         296
  C:0FC6H         LINE#         297
  C:0FC8H         LINE#         298
  C:0FCBH         LINE#         299
  C:0FCBH         LINE#         300
  C:0FCEH         LINE#         301
  C:0FD0H         LINE#         303
  C:0FD0H         LINE#         304
  C:0FD3H         LINE#         305
  C:0FD5H         LINE#         306
  C:0FD5H         LINE#         307
  C:0FD8H         LINE#         308
  C:0FDBH         LINE#         309
  C:0FDBH         LINE#         310
  -------         ENDPROC       _KEYEVENTPORC
  -------         PROC          KEYSCAN
  C:19D4H         LINE#         326
  C:19D4H         LINE#         327
  C:19D4H         LINE#         328
  -------         ENDPROC       KEYSCAN
  -------         PROC          KEYCOMMSG
  C:00A6H         LINE#         352
  C:00A6H         LINE#         353
  C:00A6H         LINE#         354
BL51 BANKED LINKER/LOCATER V6.22                                                      11/24/2018  11:14:26  PAGE 25


  C:00ADH         LINE#         355
  C:00ADH         LINE#         360
  C:00B7H         LINE#         361
  C:00B7H         LINE#         363
  C:00BFH         LINE#         364
  C:00BFH         LINE#         365
  C:00C2H         LINE#         366
  C:00C2H         LINE#         367
  C:00C2H         LINE#         368
  C:00FEH         LINE#         369
  C:00FEH         LINE#         374
  C:00FEH         LINE#         375
  C:00FEH         LINE#         376
  C:0103H         LINE#         377
  C:0103H         LINE#         378
  C:0106H         LINE#         381
  C:0107H         LINE#         383
  C:0107H         LINE#         384
  C:0109H         LINE#         385
  C:0110H         LINE#         386
  C:0113H         LINE#         387
  C:0113H         LINE#         388
  C:0114H         LINE#         389
  C:0114H         LINE#         390
  C:0114H         LINE#         391
  C:0114H         LINE#         393
  C:0114H         LINE#         394
  C:0114H         LINE#         399
  C:0114H         LINE#         400
  C:0114H         LINE#         401
  C:0114H         LINE#         404
  C:011EH         LINE#         405
  C:011EH         LINE#         406
  C:0125H         LINE#         407
  C:0125H         LINE#         408
  C:0127H         LINE#         409
  C:012AH         LINE#         411
  C:012AH         LINE#         412
  C:0131H         LINE#         413
  C:0131H         LINE#         414
  C:0134H         LINE#         415
  C:0134H         LINE#         416
  C:0134H         LINE#         417
  C:0134H         LINE#         418
  C:0137H         LINE#         419
  C:0141H         LINE#         420
  C:0141H         LINE#         421
  C:0148H         LINE#         422
  C:0148H         LINE#         423
  C:014AH         LINE#         424
  C:014DH         LINE#         426
  C:014DH         LINE#         427
  C:0154H         LINE#         428
  C:0154H         LINE#         429
  C:0157H         LINE#         430
  C:0157H         LINE#         431
  C:0157H         LINE#         432
BL51 BANKED LINKER/LOCATER V6.22                                                      11/24/2018  11:14:26  PAGE 26


  C:0157H         LINE#         433
  C:0157H         LINE#         434
  C:015AH         LINE#         435
  C:0164H         LINE#         436
  C:0164H         LINE#         437
  C:016BH         LINE#         438
  C:016BH         LINE#         439
  C:016DH         LINE#         440
  C:016FH         LINE#         442
  C:016FH         LINE#         443
  C:0176H         LINE#         444
  C:0176H         LINE#         445
  C:0179H         LINE#         446
  C:0179H         LINE#         447
  C:0179H         LINE#         448
  C:0179H         LINE#         449
  C:017CH         LINE#         450
  C:0186H         LINE#         451
  C:0186H         LINE#         452
  C:018DH         LINE#         453
  C:018DH         LINE#         454
  C:018FH         LINE#         455
  C:0191H         LINE#         457
  C:0191H         LINE#         458
  C:0198H         LINE#         459
  C:0198H         LINE#         460
  C:019BH         LINE#         461
  C:019BH         LINE#         462
  C:019BH         LINE#         463
  C:019BH         LINE#         464
  C:019EH         LINE#         465
  C:01A8H         LINE#         466
  C:01A8H         LINE#         467
  C:01ADH         LINE#         468
  C:01ADH         LINE#         469
  C:01B0H         LINE#         470
  C:01B2H         LINE#         472
  C:01B2H         LINE#         473
  C:01B5H         LINE#         474
  C:01B5H         LINE#         475
  C:01B5H         LINE#         476
  C:01B8H         LINE#         478
  C:01B8H         LINE#         479
  C:01C3H         LINE#         480
  C:01C3H         LINE#         481
  C:01C4H         LINE#         482
  C:01C4H         LINE#         483
  C:01C4H         LINE#         484
  C:01C5H         LINE#         485
  C:01C5H         LINE#         490
  C:01C5H         LINE#         491
  C:01C5H         LINE#         523
  C:01C9H         LINE#         524
  C:01CAH         LINE#         525
  C:01CAH         LINE#         526
  C:01CAH         LINE#         527
  C:01CAH         LINE#         528
BL51 BANKED LINKER/LOCATER V6.22                                                      11/24/2018  11:14:26  PAGE 27


  C:01D3H         LINE#         529
  C:01D7H         LINE#         530
  C:01D8H         LINE#         531
  C:01D8H         LINE#         536
  C:01D8H         LINE#         537
  C:01D8H         LINE#         538
  C:01E2H         LINE#         539
  C:01E2H         LINE#         540
  C:01E6H         LINE#         541
  C:01E6H         LINE#         542
  C:01E6H         LINE#         543
  C:01E6H         LINE#         544
  C:01E6H         LINE#         546
  C:01E7H         LINE#         547
  C:01E7H         LINE#         552
  C:01E7H         LINE#         553
  C:01E7H         LINE#         555
  C:01ECH         LINE#         556
  C:01ECH         LINE#         558
  C:01F1H         LINE#         559
  C:01F4H         LINE#         560
  C:01F4H         LINE#         562
  C:01F4H         LINE#         563
  C:01F7H         LINE#         564
  C:01F7H         LINE#         565
  C:01FCH         LINE#         566
  C:01FCH         LINE#         569
  C:01FFH         LINE#         570
  C:0203H         LINE#         571
  C:0207H         LINE#         572
  C:0209H         LINE#         573
  C:020EH         LINE#         574
  C:020EH         LINE#         575
  C:020EH         LINE#         576
  C:0210H         LINE#         577
  C:0210H         LINE#         580
  C:021EH         LINE#         581
  C:021EH         LINE#         584
  C:0221H         LINE#         585
  C:0224H         LINE#         586
  C:0229H         LINE#         587
  C:022CH         LINE#         588
  C:022FH         LINE#         589
  C:0232H         LINE#         591
  C:0235H         LINE#         592
  C:0236H         LINE#         593
  C:0240H         LINE#         594
  C:0240H         LINE#         595
  C:0245H         LINE#         596
  C:0248H         LINE#         597
  C:0248H         LINE#         598
  C:0248H         LINE#         599
  C:024AH         LINE#         600
  C:0254H         LINE#         601
  C:0254H         LINE#         602
  C:0259H         LINE#         603
  C:025CH         LINE#         605
BL51 BANKED LINKER/LOCATER V6.22                                                      11/24/2018  11:14:26  PAGE 28


  C:025FH         LINE#         607
  C:025FH         LINE#         608
  C:0262H         LINE#         609
  C:0274H         LINE#         610
  C:0274H         LINE#         612
  C:0276H         LINE#         613
  C:0278H         LINE#         615
  C:027DH         LINE#         616
  C:0280H         LINE#         617
  C:0283H         LINE#         618
  C:0286H         LINE#         619
  C:028AH         LINE#         620
  C:028CH         LINE#         621
  C:028CH         LINE#         623
  C:028DH         LINE#         624
  C:028DH         LINE#         625
  C:028DH         LINE#         626
  C:028DH         LINE#         628
  C:028DH         LINE#         629
  C:028DH         LINE#         634
  C:028DH         LINE#         635
  C:028DH         LINE#         636
  C:028DH         LINE#         639
  C:0297H         LINE#         640
  C:0297H         LINE#         641
  C:029EH         LINE#         642
  C:029EH         LINE#         643
  C:02A0H         LINE#         644
  C:02A2H         LINE#         646
  C:02A2H         LINE#         647
  C:02A6H         LINE#         648
  C:02A9H         LINE#         649
  C:02A9H         LINE#         650
  C:02A9H         LINE#         651
  C:02ABH         LINE#         652
  C:02B5H         LINE#         653
  C:02B5H         LINE#         654
  C:02BCH         LINE#         655
  C:02BCH         LINE#         656
  C:02BEH         LINE#         657
  C:02C0H         LINE#         659
  C:02C0H         LINE#         660
  C:02C4H         LINE#         661
  C:02C4H         LINE#         662
  C:02C7H         LINE#         663
  C:02C7H         LINE#         664
  C:02C7H         LINE#         665
  C:02CBH         LINE#         666
  C:02CBH         LINE#         667
  C:02CEH         LINE#         668
  C:02D8H         LINE#         669
  C:02D8H         LINE#         670
  C:02DFH         LINE#         671
  C:02DFH         LINE#         672
  C:02E1H         LINE#         673
  C:02E3H         LINE#         675
  C:02E3H         LINE#         676
BL51 BANKED LINKER/LOCATER V6.22                                                      11/24/2018  11:14:26  PAGE 29


  C:02E7H         LINE#         677
  C:02E7H         LINE#         678
  C:02EAH         LINE#         679
  C:02EAH         LINE#         680
  C:02EAH         LINE#         681
  C:02EBH         LINE#         682
  C:02EEH         LINE#         683
  C:02F8H         LINE#         684
  C:02F8H         LINE#         685
  C:02FFH         LINE#         686
  C:02FFH         LINE#         687
  C:0301H         LINE#         688
  C:0303H         LINE#         690
  C:0303H         LINE#         691
  C:0307H         LINE#         692
  C:0307H         LINE#         693
  C:030AH         LINE#         694
  C:030AH         LINE#         695
  C:030AH         LINE#         696
  C:030BH         LINE#         697
  C:030DH         LINE#         698
  C:0317H         LINE#         699
  C:0317H         LINE#         700
  C:031CH         LINE#         701
  C:031CH         LINE#         702
  C:031FH         LINE#         703
  C:0321H         LINE#         705
  C:0321H         LINE#         706
  C:0324H         LINE#         707
  C:0324H         LINE#         708
  C:0325H         LINE#         709
  C:0327H         LINE#         711
  C:0327H         LINE#         712
  C:032FH         LINE#         713
  C:032FH         LINE#         714
  C:0330H         LINE#         715
  C:0330H         LINE#         716
  C:0330H         LINE#         718
  C:0331H         LINE#         719
  C:0331H         LINE#         724
  C:0331H         LINE#         725
  C:0331H         LINE#         728
  C:0335H         LINE#         729
  C:0335H         LINE#         730
  C:0338H         LINE#         731
  C:0339H         LINE#         733
  C:0339H         LINE#         734
  C:033CH         LINE#         735
  C:033CH         LINE#         736
  C:033DH         LINE#         737
  C:033DH         LINE#         738
  C:033DH         LINE#         739
  C:033DH         LINE#         740
  C:0343H         LINE#         741
  C:0347H         LINE#         742
  C:0348H         LINE#         743
  C:0348H         LINE#         748
BL51 BANKED LINKER/LOCATER V6.22                                                      11/24/2018  11:14:26  PAGE 30


  C:0348H         LINE#         749
  C:0348H         LINE#         750
  C:034FH         LINE#         751
  C:034FH         LINE#         752
  C:0353H         LINE#         753
  C:0353H         LINE#         754
  C:0353H         LINE#         755
  C:0353H         LINE#         756
  C:0353H         LINE#         758
  C:0354H         LINE#         759
  C:0354H         LINE#         764
  C:0354H         LINE#         765
  C:0354H         LINE#         767
  C:0354H         LINE#         768
  C:0354H         LINE#         769
  C:0354H         LINE#         770
  C:0354H         LINE#         771
  C:035AH         LINE#         772
  C:035AH         LINE#         773
  C:0360H         LINE#         774
  C:0360H         LINE#         776
  C:0365H         LINE#         777
  C:036AH         LINE#         778
  C:036FH         LINE#         779
  C:0372H         LINE#         780
  C:0375H         LINE#         782
  C:037BH         LINE#         783
  C:037BH         LINE#         784
  C:037BH         LINE#         785
  C:037CH         LINE#         786
  C:037CH         LINE#         791
  C:037CH         LINE#         792
  C:037CH         LINE#         793
  C:037CH         LINE#         794
  C:0382H         LINE#         795
  C:0382H         LINE#         796
  C:0388H         LINE#         797
  C:0388H         LINE#         798
  C:038DH         LINE#         799
  C:038DH         LINE#         800
  C:0390H         LINE#         801
  C:0393H         LINE#         802
  C:0393H         LINE#         803
  C:0393H         LINE#         804
  C:0393H         LINE#         805
  C:0394H         LINE#         806
  C:0394H         LINE#         811
  C:0394H         LINE#         812
  C:0394H         LINE#         813
  C:0394H         LINE#         814
  C:0399H         LINE#         815
  C:0399H         LINE#         816
  C:039FH         LINE#         817
  C:039FH         LINE#         818
  C:03A4H         LINE#         819
  C:03A4H         LINE#         820
  C:03A7H         LINE#         821
BL51 BANKED LINKER/LOCATER V6.22                                                      11/24/2018  11:14:26  PAGE 31


  C:03AAH         LINE#         822
  C:03AAH         LINE#         823
  C:03AAH         LINE#         824
  C:03AAH         LINE#         825
  C:03AAH         LINE#         826
  C:03AAH         LINE#         827
  C:03AAH         LINE#         828
  C:03AAH         LINE#         829
  -------         ENDPROC       KEYCOMMSG
  -------         ENDMOD        KEY_MODE

  -------         MODULE        LED_MODE
  C:0000H         SYMBOL        _ICE_DUMMY_
  D:0080H         PUBLIC        P0
  D:00B0H         PUBLIC        P5
  D:0020H         PUBLIC        lcd_BitRam0
  D:0021H         PUBLIC        lcd_BitRam1
  C:18C6H         PUBLIC        Display_SetAlarm1
  C:006EH         PUBLIC        Display_SetAlarm1_Hour
  B:0021H.6       PUBLIC        gblcd_five
  C:19DEH         PUBLIC        Display_SetAlarm1_Work
  C:1841H         PUBLIC        Display_SetAlarm1_Min
  C:17ACH         PUBLIC        Display_Al1Flag
  C:186BH         PUBLIC        Display_SetRTC_MIN
  C:19BFH         PUBLIC        Display_ALarm1_Sonnze
  C:1905H         PUBLIC        Display_RTC
  D:0029H         PUBLIC        BK_Alarm1_TypeDef
  B:0020H.4       PUBLIC        gblcd_dot
  B:0020H.1       PUBLIC        gblcd_al
  B:0021H.5       PUBLIC        gblcd_khz
  B:0021H.0       PUBLIC        gblcd_am
  C:197FH         PUBLIC        NoFlash
  B:0020H.7       PUBLIC        gblcd_aux
  B:0021H.4       PUBLIC        gblcd_mhz
  B:0021H.2       PUBLIC        gblcd_fm
  B:0021H.7       PUBLIC        gblcd_bt
  C:1101H         PUBLIC        Display_Flag
  C:1746H         PUBLIC        dispCode_Arr
  D:0035H         PUBLIC        Alarm1_TypeDef
  D:0041H         PUBLIC        dispBuff
  C:19C6H         PUBLIC        Display_ALarm1
  B:0021H.1       PUBLIC        gblcd_pm
  C:1167H         PUBLIC        UpdateDisplay
  B:0021H.3       PUBLIC        gblcd_mw
  C:13D2H         PUBLIC        _Display_HH_MM
  C:168AH         PUBLIC        ClearDisplayBuff
  C:1622H         PUBLIC        _Display_HH
  C:18D6H         PUBLIC        Display_SetRTC
  C:1856H         PUBLIC        Display_SetRTC_Hour
  C:178FH         PUBLIC        _Display_MM
  C:1948H         PUBLIC        Display_Off
  C:1913H         PUBLIC        Display_Zone
  D:0046H         PUBLIC        tempHour
  C:171AH         PUBLIC        Display
  C:18A4H         PUBLIC        Display_OnlyFlag
  B:0020H.0       PUBLIC        gblcd_buz1
  C:1988H         PUBLIC        _SetDisplayState10s
BL51 BANKED LINKER/LOCATER V6.22                                                      11/24/2018  11:14:26  PAGE 32


  B:0020H.2       PUBLIC        gblcd_buz2
  D:0047H         PUBLIC        temp1
  D:0048H         PUBLIC        temp2
  D:0049H         PUBLIC        LED_Brightness_TypeDef
  C:1813H         PUBLIC        Alarm1_PowerOFF
  C:182AH         PUBLIC        _DisplayNum12
  B:0020H.3       PUBLIC        gblcd_bt_tf
  C:18B6H         PUBLIC        _DisplayNum34
  B:0020H.6       PUBLIC        gblcd_sleep
  B:0028H.3       PUBLIC        gbDispSetA1
  B:0020H.5       PUBLIC        gblcd_colon
  -------         PROC          ALARM1_POWEROFF
  C:1813H         LINE#         84
  C:1813H         LINE#         85
  C:1813H         LINE#         86
  C:1816H         LINE#         87
  C:1818H         LINE#         88
  C:181AH         LINE#         89
  C:181DH         LINE#         90
  C:1822H         LINE#         91
  C:1822H         LINE#         92
  C:1825H         LINE#         93
  C:1829H         LINE#         94
  C:1829H         LINE#         95
  -------         ENDPROC       ALARM1_POWEROFF
  -------         PROC          _DISPLAYNUM12
  D:0007H         SYMBOL        dat
  C:182AH         LINE#         113
  C:182AH         LINE#         114
  C:182AH         LINE#         115
  C:1831H         LINE#         116
  C:1839H         LINE#         117
  C:183DH         LINE#         118
  C:1840H         LINE#         119
  -------         ENDPROC       _DISPLAYNUM12
  -------         PROC          _DISPLAYNUM34
  D:0007H         SYMBOL        dat
  C:18B6H         LINE#         135
  C:18B6H         LINE#         136
  C:18B6H         LINE#         137
  C:18BDH         LINE#         138
  C:18C5H         LINE#         139
  -------         ENDPROC       _DISPLAYNUM34
  -------         PROC          NOFLASH
  C:197FH         LINE#         155
  C:197FH         LINE#         156
  C:197FH         LINE#         157
  C:1984H         LINE#         158
  C:1984H         LINE#         160
  C:1986H         LINE#         161
  C:1986H         LINE#         162
  C:1987H         LINE#         163
  -------         ENDPROC       NOFLASH
  -------         PROC          _DISPLAY_HH
  D:0007H         SYMBOL        hh_mm_TypeDef
  -------         DO            
  D:0006H         SYMBOL        tmpHour
BL51 BANKED LINKER/LOCATER V6.22                                                      11/24/2018  11:14:26  PAGE 33


  -------         ENDDO         
  C:1622H         LINE#         179
  C:1622H         LINE#         180
  C:1622H         LINE#         182
  C:162EH         LINE#         183
  C:162EH         LINE#         184
  C:162EH         LINE#         185
  C:1632H         LINE#         186
  C:1634H         LINE#         187
  C:1634H         LINE#         188
  C:1636H         LINE#         189
  C:1638H         LINE#         190
  C:1638H         LINE#         191
  C:163AH         LINE#         192
  C:163AH         LINE#         193
  C:163AH         LINE#         194
  C:163DH         LINE#         195
  C:163DH         LINE#         196
  C:1643H         LINE#         197
  C:1643H         LINE#         198
  C:1645H         LINE#         199
  C:1647H         LINE#         201
  C:1647H         LINE#         202
  C:1649H         LINE#         203
  C:164DH         LINE#         204
  C:164DH         LINE#         205
  C:1650H         LINE#         206
  C:1650H         LINE#         207
  C:1652H         LINE#         208
  C:1652H         LINE#         209
  C:1657H         LINE#         210
  C:1657H         LINE#         211
  -------         ENDPROC       _DISPLAY_HH
  -------         PROC          _DISPLAY_MM
  D:0007H         SYMBOL        hh_mm_TypeDef
  -------         DO            
  D:0006H         SYMBOL        tmpMinute
  -------         ENDDO         
  C:178FH         LINE#         227
  C:178FH         LINE#         228
  C:178FH         LINE#         230
  C:179BH         LINE#         231
  C:179BH         LINE#         232
  C:179BH         LINE#         233
  C:179FH         LINE#         234
  C:17A1H         LINE#         235
  C:17A1H         LINE#         236
  C:17A3H         LINE#         237
  C:17A5H         LINE#         238
  C:17A5H         LINE#         239
  C:17A7H         LINE#         240
  C:17A7H         LINE#         241
  C:17A7H         LINE#         242
  -------         ENDPROC       _DISPLAY_MM
  -------         PROC          _DISPLAY_HH_MM
  D:0007H         SYMBOL        hh_mm_TypeDef
  -------         DO            
BL51 BANKED LINKER/LOCATER V6.22                                                      11/24/2018  11:14:26  PAGE 34


  D:0006H         SYMBOL        tmpHour
  D:0005H         SYMBOL        tmpMinute
  -------         ENDDO         
  C:13D2H         LINE#         260
  C:13D2H         LINE#         261
  C:13D2H         LINE#         263
  C:13DEH         LINE#         264
  C:13DEH         LINE#         265
  C:13DEH         LINE#         266
  C:13E2H         LINE#         267
  C:13E6H         LINE#         268
  C:13E8H         LINE#         269
  C:13E8H         LINE#         270
  C:13EAH         LINE#         271
  C:13ECH         LINE#         272
  C:13EEH         LINE#         273
  C:13EEH         LINE#         274
  C:13F0H         LINE#         275
  C:13F2H         LINE#         276
  C:13F2H         LINE#         277
  C:13F2H         LINE#         278
  C:13F5H         LINE#         279
  C:13F5H         LINE#         280
  C:13FBH         LINE#         281
  C:13FBH         LINE#         282
  C:13FDH         LINE#         283
  C:13FDH         LINE#         284
  C:1403H         LINE#         285
  C:1403H         LINE#         286
  C:1405H         LINE#         287
  C:1407H         LINE#         289
  C:1407H         LINE#         290
  C:1409H         LINE#         291
  C:140DH         LINE#         292
  C:140DH         LINE#         293
  C:1410H         LINE#         294
  C:1410H         LINE#         295
  C:1412H         LINE#         296
  C:1412H         LINE#         297
  C:1417H         LINE#         298
  C:141CH         LINE#         299
  C:141CH         LINE#         300
  -------         ENDPROC       _DISPLAY_HH_MM
  -------         PROC          DISPLAY_ALARM1_SONNZE
  C:19BFH         LINE#         316
  C:19BFH         LINE#         317
  C:19BFH         LINE#         318
  C:19C5H         LINE#         319
  C:19C5H         LINE#         321
  C:19C5H         LINE#         322
  -------         ENDPROC       DISPLAY_ALARM1_SONNZE
  -------         PROC          DISPLAY_ALARM1
  C:19C6H         LINE#         338
  C:19C6H         LINE#         339
  C:19C6H         LINE#         340
  C:19C8H         LINE#         341
  -------         ENDPROC       DISPLAY_ALARM1
BL51 BANKED LINKER/LOCATER V6.22                                                      11/24/2018  11:14:26  PAGE 35


  -------         PROC          DISPLAY_SETALARM1_HOUR
[...]
  C:0F2FH         LINE#         493
  C:0F30H         LINE#         494
  C:0F30H         LINE#         495
  C:0F32H         LINE#         496
  C:0F33H         LINE#         497
  C:0F33H         LINE#         500
  C:0F35H         LINE#         501
  C:0F36H         LINE#         502
  C:0F36H         LINE#         503
  C:0F38H         LINE#         504
  C:0F39H         LINE#         505
  C:0F39H         LINE#         506
  C:0F3CH         LINE#         507
  C:0F3CH         LINE#         508
  C:0F3CH         LINE#         509
  C:0F3CH         LINE#         511
  -------         ENDPROC       BLUEMODE_HANDLE
  -------         ENDMOD        BT_MODE

  -------         MODULE        LED_DRIVE
  C:0000H         SYMBOL        _ICE_DUMMY_
BL51 BANKED LINKER/LOCATER V6.22                                                      11/24/2018  11:14:26  PAGE 46


  B:0022H.0       PUBLIC        Flag_SET_APM
  C:0B9CH         PUBLIC        Display_LED
  B:0022H.1       PUBLIC        Flag_SET_2A
  B:0022H.2       PUBLIC        Flag_SET_1B
  B:0022H.3       PUBLIC        Flag_SET_3A
  B:0022H.4       PUBLIC        Flag_SET_2B
  B:0022H.5       PUBLIC        Flag_SET_1C
  B:0022H.6       PUBLIC        Flag_SET_4A
  B:0022H.7       PUBLIC        Flag_SET_3B
  B:0023H.0       PUBLIC        Flag_SET_2C
  B:0023H.1       PUBLIC        Flag_SET_4B
  B:0023H.2       PUBLIC        Flag_SET_3C
  B:0023H.3       PUBLIC        Flag_SET_2D
  B:0023H.4       PUBLIC        Flag_SET_4C
  B:0023H.5       PUBLIC        Flag_SET_3D
  B:0023H.6       PUBLIC        Flag_SET_2E
  B:0023H.7       PUBLIC        Flag_SET_4D
  B:0024H.0       PUBLIC        Flag_SET_3E
  B:0024H.1       PUBLIC        Flag_SET_2F
  B:0024H.2       PUBLIC        Flag_SET_4E
  B:0024H.3       PUBLIC        Flag_SET_3F
  B:0024H.4       PUBLIC        Flag_SET_2G
  B:0024H.5       PUBLIC        Flag_SET_4F
  B:0024H.6       PUBLIC        Flag_SET_3G
  B:0024H.7       PUBLIC        Flag_SET_4G
  B:0025H.0       PUBLIC        Flag_SET_AL
  B:0025H.1       PUBLIC        Flag_SET_COL1
  B:0025H.2       PUBLIC        Flag_SET_COL2
  B:0025H.3       PUBLIC        Flag_SET_BT_BLUE
  D:0063H         PUBLIC        Led_Buffer_Copy
  D:0069H         PUBLIC        Led_Buffer
  B:0025H.4       PUBLIC        Flag_SET_BT_RED
  -------         PROC          DISPLAY_LED
  C:0B9CH         LINE#         83
  C:0B9CH         LINE#         84
  C:0B9CH         LINE#         85
  C:0B9FH         LINE#         86
  C:0B9FH         LINE#         87
  C:0BA2H         LINE#         88
  C:0BA5H         LINE#         89
  C:0BA8H         LINE#         90
  C:0BABH         LINE#         91
  C:0BABH         LINE#         92
  C:0BB1H         LINE#         93
  C:0BB1H         LINE#         94
  C:0BB6H         LINE#         95
  C:0BBAH         LINE#         97
  C:0BBCH         LINE#         98
  C:0BC1H         LINE#         99
  C:0BC5H         LINE#         101
  C:0BC7H         LINE#         102
  C:0BCAH         LINE#         103
  C:0BCAH         LINE#         104
  C:0BD0H         LINE#         105
  C:0BD0H         LINE#         106
  C:0BD5H         LINE#         107
  C:0BD9H         LINE#         109
BL51 BANKED LINKER/LOCATER V6.22                                                      11/24/2018  11:14:26  PAGE 47


  C:0BDBH         LINE#         110
  C:0BE0H         LINE#         111
  C:0BE4H         LINE#         113
  C:0BE6H         LINE#         114
  C:0BEBH         LINE#         115
  C:0BEFH         LINE#         117
  C:0BF1H         LINE#         118
  C:0BF6H         LINE#         119
  C:0BFAH         LINE#         121
  C:0BFCH         LINE#         122
  C:0C01H         LINE#         123
  C:0C05H         LINE#         125
  C:0C07H         LINE#         126
  C:0C0CH         LINE#         127
  C:0C10H         LINE#         129
  C:0C12H         LINE#         130
  C:0C17H         LINE#         131
  C:0C1BH         LINE#         133
  C:0C1DH         LINE#         134
  C:0C20H         LINE#         135
  C:0C20H         LINE#         136
  C:0C26H         LINE#         137
  C:0C26H         LINE#         138
  C:0C2BH         LINE#         139
  C:0C2FH         LINE#         141
  C:0C31H         LINE#         142
  C:0C36H         LINE#         143
  C:0C3AH         LINE#         145
  C:0C3CH         LINE#         146
  C:0C41H         LINE#         147
  C:0C45H         LINE#         149
  C:0C47H         LINE#         150
  C:0C4CH         LINE#         151
  C:0C50H         LINE#         153
  C:0C52H         LINE#         154
  C:0C57H         LINE#         155
  C:0C5BH         LINE#         157
  C:0C5DH         LINE#         158
  C:0C62H         LINE#         159
  C:0C66H         LINE#         161
  C:0C68H         LINE#         162
  C:0C6DH         LINE#         163
  C:0C71H         LINE#         165
  C:0C73H         LINE#         166
  C:0C76H         LINE#         167
  C:0C76H         LINE#         168
  C:0C7CH         LINE#         169
  C:0C7CH         LINE#         170
  C:0C81H         LINE#         171
  C:0C85H         LINE#         173
  C:0C87H         LINE#         174
  C:0C8CH         LINE#         175
  C:0C90H         LINE#         177
  C:0C92H         LINE#         178
  C:0C97H         LINE#         179
  C:0C9BH         LINE#         181
  C:0C9DH         LINE#         182
BL51 BANKED LINKER/LOCATER V6.22                                                      11/24/2018  11:14:26  PAGE 48


  C:0CA2H         LINE#         183
  C:0CA6H         LINE#         185
  C:0CA8H         LINE#         186
  C:0CADH         LINE#         187
  C:0CB1H         LINE#         189
  C:0CB3H         LINE#         190
  C:0CB8H         LINE#         191
  C:0CBCH         LINE#         193
  C:0CBEH         LINE#         194
  C:0CC3H         LINE#         195
  C:0CC7H         LINE#         197
  C:0CC9H         LINE#         198
  C:0CCCH         LINE#         199
  C:0CCCH         LINE#         200
  C:0CD2H         LINE#         201
  C:0CD2H         LINE#         206
  C:0CD7H         LINE#         207
  C:0CDBH         LINE#         209
  C:0CDDH         LINE#         210
  C:0CE2H         LINE#         211
  C:0CE6H         LINE#         213
  C:0CE8H         LINE#         214
  C:0CEDH         LINE#         215
  C:0CEDH         LINE#         216
  C:0CEFH         LINE#         217
  C:0CF1H         LINE#         218
  C:0CF3H         LINE#         220
  C:0CF3H         LINE#         221
  C:0CF5H         LINE#         222
  C:0CF7H         LINE#         223
  C:0CF7H         LINE#         224
  C:0CF7H         LINE#         225
  C:0CF7H         LINE#         227
  C:0CF7H         LINE#         229
  C:0CF7H         LINE#         231
  C:0CF7H         LINE#         232
  C:0CFAH         LINE#         233
  C:0CFAH         LINE#         234
  C:0D00H         LINE#         235
  C:0D00H         LINE#         236
  C:0D05H         LINE#         237
  C:0D07H         LINE#         238
  C:0D0CH         LINE#         239
  C:0D0EH         LINE#         240
  C:0D13H         LINE#         241
  C:0D17H         LINE#         243
  C:0D19H         LINE#         244
  C:0D1CH         LINE#         245
  C:0D1CH         LINE#         246
  -------         ENDPROC       DISPLAY_LED
  -------         ENDMOD        LED_DRIVE

  -------         MODULE        PWM
  C:0000H         SYMBOL        _ICE_DUMMY_
  D:0080H         PUBLIC        P0
  D:0090H         PUBLIC        P2
  D:0098H         PUBLIC        P3
BL51 BANKED LINKER/LOCATER V6.22                                                      11/24/2018  11:14:26  PAGE 49


  D:00A0H         PUBLIC        P4
  D:00B0H         PUBLIC        P5
  D:0017H         PUBLIC        cntBT_BTTF_Switchover
  D:0018H         PUBLIC        light_Brightness
  D:0019H         PUBLIC        value
  D:001AH         PUBLIC        user_Value
  C:083CH         PUBLIC        LED_Deive
  D:001BH         PUBLIC        cur_Value
  D:001CH         PUBLIC        sum_Value
  D:001DH         PUBLIC        cntJustPower_Delay
  C:1333H         PUBLIC        TF_Check
  -------         PROC          LED_DEIVE
  C:083CH         LINE#         53
  C:083CH         LINE#         54
  C:083CH         LINE#         55
  C:0842H         LINE#         56
  C:0842H         LINE#         57
  C:0845H         LINE#         58
  C:0848H         LINE#         59
  C:084BH         LINE#         60
  C:084EH         LINE#         61
  C:0851H         LINE#         62
  C:0854H         LINE#         63
  C:0857H         LINE#         64
  C:085AH         LINE#         65
  C:085DH         LINE#         66
  C:0860H         LINE#         67
  C:0863H         LINE#         68
  C:0866H         LINE#         69
  C:0869H         LINE#         70
  C:086CH         LINE#         71
  C:086FH         LINE#         72
  C:0872H         LINE#         73
  C:0875H         LINE#         74
  C:0878H         LINE#         75
  C:087BH         LINE#         76
  C:087EH         LINE#         77
  C:0881H         LINE#         78
  C:0884H         LINE#         79
  C:0887H         LINE#         80
  C:088AH         LINE#         81
  C:088DH         LINE#         82
  C:0890H         LINE#         83
  C:0893H         LINE#         84
  C:0896H         LINE#         85
  C:0899H         LINE#         86
  C:0899H         LINE#         87
  C:08A2H         LINE#         88
  C:08A2H         LINE#         89
  C:08A7H         LINE#         90
  C:08A7H         LINE#         92
  C:08AAH         LINE#         93
  C:08ACH         LINE#         94
  C:08B1H         LINE#         95
  C:08B1H         LINE#         96
  C:08B4H         LINE#         97
  C:08B6H         LINE#         98
BL51 BANKED LINKER/LOCATER V6.22                                                      11/24/2018  11:14:26  PAGE 50


  C:08BBH         LINE#         99
  C:08BBH         LINE#         100
  C:08BEH         LINE#         101
  C:08BEH         LINE#         102
  C:08C5H         LINE#         103
  C:08C5H         LINE#         104
  C:08D0H         LINE#         105
  C:08DBH         LINE#         106
  C:08E6H         LINE#         107
  C:08F1H         LINE#         108
  C:08FCH         LINE#         109
  C:0907H         LINE#         110
  C:0912H         LINE#         111
  C:091DH         LINE#         112
  C:0928H         LINE#         113
  C:0933H         LINE#         114
  C:093EH         LINE#         115
  C:0949H         LINE#         116
  C:0954H         LINE#         117
  C:095FH         LINE#         118
  C:096AH         LINE#         119
  C:0975H         LINE#         120
  C:0980H         LINE#         121
  C:098BH         LINE#         122
  C:0996H         LINE#         123
  C:09A1H         LINE#         124
  C:09ACH         LINE#         125
  C:09B7H         LINE#         126
  C:09C2H         LINE#         127
  C:09CDH         LINE#         128
  C:09D8H         LINE#         129
  C:09E3H         LINE#         130
  C:09EEH         LINE#         131
  C:09F9H         LINE#         132
  C:0A03H         LINE#         133
  C:0A03H         LINE#         134
  C:0A03H         LINE#         135
  -------         ENDPROC       LED_DEIVE
  -------         PROC          TF_CHECK
  C:1333H         LINE#         151
  C:1333H         LINE#         152
  C:1333H         LINE#         153
  C:133BH         LINE#         154
  C:1344H         LINE#         156
  C:134AH         LINE#         157
  C:134FH         LINE#         158
  C:134FH         LINE#         159
  C:1355H         LINE#         160
  C:1355H         LINE#         162
  C:1359H         LINE#         164
  C:135BH         LINE#         165
  C:1362H         LINE#         166
  C:1362H         LINE#         167
  C:1365H         LINE#         168
  C:1368H         LINE#         169
  C:136AH         LINE#         170
  C:136AH         LINE#         171
BL51 BANKED LINKER/LOCATER V6.22                                                      11/24/2018  11:14:26  PAGE 51


  C:136AH         LINE#         172
  C:136BH         LINE#         174
  C:136BH         LINE#         175
  C:1370H         LINE#         176
  C:1370H         LINE#         178
  C:1374H         LINE#         180
  C:1376H         LINE#         181
  C:137DH         LINE#         182
  C:137DH         LINE#         183
  C:1380H         LINE#         184
  C:1383H         LINE#         185
  C:1385H         LINE#         186
  C:1385H         LINE#         187
  C:1385H         LINE#         188
  C:1385H         LINE#         189
  -------         ENDPROC       TF_CHECK
  -------         ENDMOD        PWM

  -------         MODULE        SYSTEM_SLEEP
  C:0000H         SYMBOL        _ICE_DUMMY_
  D:0080H         PUBLIC        P0
  D:0088H         PUBLIC        P1
  D:0090H         PUBLIC        P2
  D:0098H         PUBLIC        P3
  D:00A0H         PUBLIC        P4
  D:00B0H         PUBLIC        P5
  D:00C0H         PUBLIC        P6
  D:00D8H         PUBLIC        LVRCR
  D:0070H         PUBLIC        bk_sysVolume
  D:00A8H         PUBLIC        IE
  D:00B2H         PUBLIC        T0CR
  D:00C2H         PUBLIC        T3CR
  C:17E2H         PUBLIC        System_init
  D:008AH         PUBLIC        SCCR
  D:0071H         PUBLIC        cntCheckDC_IDLE
  D:0087H         PUBLIC        PCON
  D:0072H         PUBLIC        bk_Flag_DaylightSaving
  C:18E6H         PUBLIC        SetGPIO_Sleep
  D:00AAH         PUBLIC        IE2
  C:17C8H         PUBLIC        DataBackups
  C:19CDH         PUBLIC        CLKToCRYL
  C:14B1H         PUBLIC        CheckDC
  C:1955H         PUBLIC        IN_IDLE_Delay
  C:18F6H         PUBLIC        InitT0_Sleep
  D:00D9H         PUBLIC        OSCCR
  -------         PROC          SETGPIO_SLEEP
  C:18E6H         LINE#         47
  C:18E6H         LINE#         48
  C:18E6H         LINE#         49
  C:18E9H         LINE#         50
  C:18EBH         LINE#         51
  C:18EDH         LINE#         52
  C:18EFH         LINE#         53
  C:18F1H         LINE#         54
  C:18F3H         LINE#         55
  C:18F5H         LINE#         56
  -------         ENDPROC       SETGPIO_SLEEP
BL51 BANKED LINKER/LOCATER V6.22                                                      11/24/2018  11:14:26  PAGE 52


  -------         PROC          INITT0_SLEEP
  C:18F6H         LINE#         72
  C:18F6H         LINE#         73
  C:18F6H         LINE#         74
  C:18F9H         LINE#         75
  C:18FCH         LINE#         76
  C:18FFH         LINE#         77
  C:1902H         LINE#         78
  -------         ENDPROC       INITT0_SLEEP
  -------         PROC          CLKTOCRYL
  C:19CDH         LINE#         95
  C:19CDH         LINE#         96
  C:19CDH         LINE#         97
  C:19D0H         LINE#         98
  C:19D3H         LINE#         99
  -------         ENDPROC       CLKTOCRYL
  -------         PROC          IN_IDLE_DELAY
  -------         DO            
  I:001FH         SYMBOL        tp0
  -------         ENDDO         
  C:1955H         LINE#         115
  C:1955H         LINE#         116
  C:1955H         LINE#         118
  C:1960H         LINE#         120
  -------         ENDPROC       IN_IDLE_DELAY
  -------         PROC          SYSTEM_INIT
  C:17E2H         LINE#         136
  C:17E2H         LINE#         137
  C:17E2H         LINE#         138
  C:17E5H         LINE#         139
  C:17E8H         LINE#         140
  C:17EBH         LINE#         141
  C:17EEH         LINE#         142
  C:17F1H         LINE#         143
  C:17F4H         LINE#         144
  C:17F7H         LINE#         145
  C:17FAH         LINE#         146
  -------         ENDPROC       SYSTEM_INIT
  -------         PROC          DATABACKUPS
  C:17C8H         LINE#         166
  C:17C8H         LINE#         167
  C:17C8H         LINE#         168
  C:17CBH         LINE#         169
  C:17DEH         LINE#         170
  C:17E1H         LINE#         171
  -------         ENDPROC       DATABACKUPS
  -------         PROC          CHECKDC
  -------         DO            
  D:0006H         SYMBOL        i
  D:0007H         SYMBOL        cntIDLE
  -------         ENDDO         
  C:14B1H         LINE#         188
  C:14B1H         LINE#         189
  C:14B1H         LINE#         192
  C:14B6H         LINE#         193
  C:14B6H         LINE#         194
  C:14B8H         LINE#         195
BL51 BANKED LINKER/LOCATER V6.22                                                      11/24/2018  11:14:26  PAGE 53


  C:14BFH         LINE#         196
  C:14BFH         LINE#         198
  C:14BFH         LINE#         199
  C:14C2H         LINE#         200
  C:14C5H         LINE#         201
  C:14C8H         LINE#         202
  C:14CBH         LINE#         203
  C:14CEH         LINE#         204
  C:14D1H         LINE#         205
  C:14D1H         LINE#         206
  C:14D1H         LINE#         207
  C:14D4H         LINE#         208
  C:14D7H         LINE#         209
  C:14D9H         LINE#         210
  C:14DEH         LINE#         211
  C:14DEH         LINE#         212
  C:14E4H         LINE#         214
  C:14EBH         LINE#         215
  C:14EBH         LINE#         217
  C:14F1H         LINE#         218
  C:14F1H         LINE#         220
  C:14F4H         LINE#         221
  C:14F4H         LINE#         222
  -------         ENDPROC       CHECKDC
  -------         ENDMOD        SYSTEM_SLEEP

  -------         MODULE        ?C?COPY
  C:06E4H         PUBLIC        ?C?COPY
  -------         ENDMOD        ?C?COPY

  -------         MODULE        ?C?CLDPTR
  C:070AH         PUBLIC        ?C?CLDPTR
  -------         ENDMOD        ?C?CLDPTR

  -------         MODULE        ?C?CLDOPTR
  C:0723H         PUBLIC        ?C?CLDOPTR
  -------         ENDMOD        ?C?CLDOPTR

  -------         MODULE        ?C?CSTOPTR
  C:0750H         PUBLIC        ?C?CSTOPTR
  -------         ENDMOD        ?C?CSTOPTR

  -------         MODULE        ?C?UIDIV
  C:0772H         PUBLIC        ?C?UIDIV
  -------         ENDMOD        ?C?UIDIV

  -------         MODULE        ?C?ULCMP
  C:07C7H         PUBLIC        ?C?ULCMP
  -------         ENDMOD        ?C?ULCMP

  -------         MODULE        ?C?LLDIDATA
  C:07D8H         PUBLIC        ?C?LLDIDATA
  -------         ENDMOD        ?C?LLDIDATA

  -------         MODULE        ?C?LLDIDATA0
  C:07E4H         PUBLIC        ?C?LLDIDATA0
  -------         ENDMOD        ?C?LLDIDATA0
BL51 BANKED LINKER/LOCATER V6.22                                                      11/24/2018  11:14:26  PAGE 54



  -------         MODULE        ?C?LSTIDATA
  C:07F1H         PUBLIC        ?C?LSTIDATA
  -------         ENDMOD        ?C?LSTIDATA

  -------         MODULE        ?C?LSTKIDATA
  C:07FDH         PUBLIC        ?C?LSTKIDATA
  -------         ENDMOD        ?C?LSTKIDATA

  -------         MODULE        ?C?CCASE
  C:0816H         PUBLIC        ?C?CCASE
  -------         ENDMOD        ?C?CCASE

*** WARNING L16: UNCALLED SEGMENT, IGNORED FOR OVERLAY PROCESS
    SEGMENT: ?PR?UART_READ?MAIN

*** WARNING L16: UNCALLED SEGMENT, IGNORED FOR OVERLAY PROCESS
    SEGMENT: ?PR?_UART_WRITE?MAIN

*** WARNING L16: UNCALLED SEGMENT, IGNORED FOR OVERLAY PROCESS
    SEGMENT: ?PR?WDT_INIT?MAIN

*** WARNING L16: UNCALLED SEGMENT, IGNORED FOR OVERLAY PROCESS
    SEGMENT: ?PR?CLEAR_SLEEP?APP_MAIN

*** WARNING L16: UNCALLED SEGMENT, IGNORED FOR OVERLAY PROCESS
    SEGMENT: ?PR?SNOOZEENABLE?APP_MAIN

*** WARNING L16: UNCALLED SEGMENT, IGNORED FOR OVERLAY PROCESS
    SEGMENT: ?PR?DISPLAY_ALARM1_SONNZE?LED_MODE

*** WARNING L16: UNCALLED SEGMENT, IGNORED FOR OVERLAY PROCESS
    SEGMENT: ?PR?DISPLAY_ONLYFLAG?LED_MODE

*** WARNING L16: UNCALLED SEGMENT, IGNORED FOR OVERLAY PROCESS
    SEGMENT: ?PR?BTCONNECT_QUERYVOLUME?BT_MODE

*** WARNING L16: UNCALLED SEGMENT, IGNORED FOR OVERLAY PROCESS
    SEGMENT: ?PR?CHECKDC?SYSTEM_SLEEP

Program Size: data=179.4 xdata=0 code=6623
LINK/LOCATE RUN COMPLETE.  9 WARNING(S),  0 ERROR(S)
